Component: Arm Compiler for Embedded 6.19 Tool: armlink [5e73cb00]

==============================================================================

Section Cross References

    empty.o(.text.main) refers to ti_msp_dl_config.o(.text.SYSCFG_DL_init) for SYSCFG_DL_init
    empty.o(.text.main) refers to m0_bluetooth_link.o(.text.M0BluetoothLink_init) for M0BluetoothLink_init
    empty.o(.text.main) refers to m0_bluetooth_link.o(.text.M0BluetoothLink_task) for M0BluetoothLink_task
    empty.o(.ARM.exidx.text.main) refers to empty.o(.text.main) for [Anonymous Symbol]
    m0_bluetooth_link.o(.text.M0BluetoothLink_init) refers to m0_bluetooth_link.o(.text.__NVIC_ClearPendingIRQ) for __NVIC_ClearPendingIRQ
    m0_bluetooth_link.o(.text.M0BluetoothLink_init) refers to m0_bluetooth_link.o(.text.__NVIC_EnableIRQ) for __NVIC_EnableIRQ
    m0_bluetooth_link.o(.text.M0BluetoothLink_init) refers to m0_bluetooth_link.o(.bss.frame_expected) for [Anonymous Symbol]
    m0_bluetooth_link.o(.text.M0BluetoothLink_init) refers to m0_bluetooth_link.o(.bss.frame_count) for [Anonymous Symbol]
    m0_bluetooth_link.o(.text.M0BluetoothLink_init) refers to m0_bluetooth_link.o(.bss.ring_read) for [Anonymous Symbol]
    m0_bluetooth_link.o(.text.M0BluetoothLink_init) refers to m0_bluetooth_link.o(.bss.ring_write) for [Anonymous Symbol]
    m0_bluetooth_link.o(.text.M0BluetoothLink_init) refers to m0_bluetooth_link.o(.bss.verified) for [Anonymous Symbol]
    m0_bluetooth_link.o(.text.M0BluetoothLink_init) refers to m0_bluetooth_link.o(.bss.m0_bluetooth_rx_overflow_count) for m0_bluetooth_rx_overflow_count
    m0_bluetooth_link.o(.text.M0BluetoothLink_init) refers to m0_bluetooth_link.o(.bss.m0_bluetooth_rx_byte_count) for m0_bluetooth_rx_byte_count
    m0_bluetooth_link.o(.text.M0BluetoothLink_init) refers to m0_bluetooth_link.o(.bss.m0_bluetooth_rx_capture_count) for m0_bluetooth_rx_capture_count
    m0_bluetooth_link.o(.text.M0BluetoothLink_init) refers to m0_bluetooth_link.o(.bss.m0_bluetooth_rx_capture) for m0_bluetooth_rx_capture
    m0_bluetooth_link.o(.ARM.exidx.text.M0BluetoothLink_init) refers to m0_bluetooth_link.o(.text.M0BluetoothLink_init) for [Anonymous Symbol]
    m0_bluetooth_link.o(.ARM.exidx.text.__NVIC_ClearPendingIRQ) refers to m0_bluetooth_link.o(.text.__NVIC_ClearPendingIRQ) for [Anonymous Symbol]
    m0_bluetooth_link.o(.ARM.exidx.text.__NVIC_EnableIRQ) refers to m0_bluetooth_link.o(.text.__NVIC_EnableIRQ) for [Anonymous Symbol]
    m0_bluetooth_link.o(.text.M0BluetoothLink_task) refers to m0_bluetooth_link.o(.text.parse) for parse
    m0_bluetooth_link.o(.text.M0BluetoothLink_task) refers to m0_bluetooth_link.o(.bss.ring_read) for [Anonymous Symbol]
    m0_bluetooth_link.o(.text.M0BluetoothLink_task) refers to m0_bluetooth_link.o(.bss.ring_write) for [Anonymous Symbol]
    m0_bluetooth_link.o(.text.M0BluetoothLink_task) refers to m0_bluetooth_link.o(.bss.ring) for [Anonymous Symbol]
    m0_bluetooth_link.o(.ARM.exidx.text.M0BluetoothLink_task) refers to m0_bluetooth_link.o(.text.M0BluetoothLink_task) for [Anonymous Symbol]
    m0_bluetooth_link.o(.text.parse) refers to m0_bluetooth_link.o(.text.processFrame) for processFrame
    m0_bluetooth_link.o(.text.parse) refers to m0_bluetooth_link.o(.bss.frame_count) for [Anonymous Symbol]
    m0_bluetooth_link.o(.text.parse) refers to m0_bluetooth_link.o(.bss.frame) for [Anonymous Symbol]
    m0_bluetooth_link.o(.text.parse) refers to m0_bluetooth_link.o(.bss.frame_expected) for [Anonymous Symbol]
    m0_bluetooth_link.o(.ARM.exidx.text.parse) refers to m0_bluetooth_link.o(.text.parse) for [Anonymous Symbol]
    m0_bluetooth_link.o(.text.M0BluetoothLink_isVerified) refers to m0_bluetooth_link.o(.bss.verified) for [Anonymous Symbol]
    m0_bluetooth_link.o(.ARM.exidx.text.M0BluetoothLink_isVerified) refers to m0_bluetooth_link.o(.text.M0BluetoothLink_isVerified) for [Anonymous Symbol]
    m0_bluetooth_link.o(.text.UART0_IRQHandler) refers to m0_bluetooth_link.o(.text.DL_UART_getPendingInterrupt) for DL_UART_getPendingInterrupt
    m0_bluetooth_link.o(.text.UART0_IRQHandler) refers to m0_bluetooth_link.o(.text.DL_UART_isRXFIFOEmpty) for DL_UART_isRXFIFOEmpty
    m0_bluetooth_link.o(.text.UART0_IRQHandler) refers to m0_bluetooth_link.o(.text.DL_UART_receiveData) for DL_UART_receiveData
    m0_bluetooth_link.o(.text.UART0_IRQHandler) refers to m0_bluetooth_link.o(.bss.ring_write) for [Anonymous Symbol]
    m0_bluetooth_link.o(.text.UART0_IRQHandler) refers to m0_bluetooth_link.o(.bss.m0_bluetooth_rx_byte_count) for m0_bluetooth_rx_byte_count
    m0_bluetooth_link.o(.text.UART0_IRQHandler) refers to m0_bluetooth_link.o(.bss.m0_bluetooth_rx_capture_count) for m0_bluetooth_rx_capture_count
    m0_bluetooth_link.o(.text.UART0_IRQHandler) refers to m0_bluetooth_link.o(.bss.m0_bluetooth_rx_capture) for m0_bluetooth_rx_capture
    m0_bluetooth_link.o(.text.UART0_IRQHandler) refers to m0_bluetooth_link.o(.bss.ring_read) for [Anonymous Symbol]
    m0_bluetooth_link.o(.text.UART0_IRQHandler) refers to m0_bluetooth_link.o(.bss.m0_bluetooth_rx_overflow_count) for m0_bluetooth_rx_overflow_count
    m0_bluetooth_link.o(.text.UART0_IRQHandler) refers to m0_bluetooth_link.o(.bss.ring) for [Anonymous Symbol]
    m0_bluetooth_link.o(.ARM.exidx.text.UART0_IRQHandler) refers to m0_bluetooth_link.o(.text.UART0_IRQHandler) for [Anonymous Symbol]
    m0_bluetooth_link.o(.ARM.exidx.text.DL_UART_getPendingInterrupt) refers to m0_bluetooth_link.o(.text.DL_UART_getPendingInterrupt) for [Anonymous Symbol]
    m0_bluetooth_link.o(.ARM.exidx.text.DL_UART_isRXFIFOEmpty) refers to m0_bluetooth_link.o(.text.DL_UART_isRXFIFOEmpty) for [Anonymous Symbol]
    m0_bluetooth_link.o(.ARM.exidx.text.DL_UART_receiveData) refers to m0_bluetooth_link.o(.text.DL_UART_receiveData) for [Anonymous Symbol]
    m0_bluetooth_link.o(.text.processFrame) refers to m0_bluetooth_link.o(.text.crc16) for crc16
    m0_bluetooth_link.o(.text.processFrame) refers to m0_bluetooth_link.o(.text.sendAck) for sendAck
    m0_bluetooth_link.o(.text.processFrame) refers to m0_bluetooth_link.o(.bss.frame) for [Anonymous Symbol]
    m0_bluetooth_link.o(.text.processFrame) refers to m0_bluetooth_link.o(.bss.verified) for [Anonymous Symbol]
    m0_bluetooth_link.o(.ARM.exidx.text.processFrame) refers to m0_bluetooth_link.o(.text.processFrame) for [Anonymous Symbol]
    m0_bluetooth_link.o(.ARM.exidx.text.crc16) refers to m0_bluetooth_link.o(.text.crc16) for [Anonymous Symbol]
    m0_bluetooth_link.o(.text.sendAck) refers to m0_bluetooth_link.o(.text.crc16) for crc16
    m0_bluetooth_link.o(.text.sendAck) refers to dl_uart.o(.text.DL_UART_transmitDataBlocking) for DL_UART_transmitDataBlocking
    m0_bluetooth_link.o(.ARM.exidx.text.sendAck) refers to m0_bluetooth_link.o(.text.sendAck) for [Anonymous Symbol]
    startup_mspm0g350x_uvision.o(STACK) refers (Special) to heapauxi.o(.text) for __use_two_region_memory
    startup_mspm0g350x_uvision.o(HEAP) refers (Special) to heapauxi.o(.text) for __use_two_region_memory
    startup_mspm0g350x_uvision.o(RESET) refers (Special) to heapauxi.o(.text) for __use_two_region_memory
    startup_mspm0g350x_uvision.o(RESET) refers to startup_mspm0g350x_uvision.o(STACK) for __initial_sp
    startup_mspm0g350x_uvision.o(RESET) refers to startup_mspm0g350x_uvision.o(.text) for Reset_Handler
    startup_mspm0g350x_uvision.o(RESET) refers to m0_bluetooth_link.o(.text.UART0_IRQHandler) for UART0_IRQHandler
    startup_mspm0g350x_uvision.o(.text) refers (Special) to heapauxi.o(.text) for __use_two_region_memory
    startup_mspm0g350x_uvision.o(.text) refers to __main.o(!!!main) for __main
    startup_mspm0g350x_uvision.o(.text) refers to startup_mspm0g350x_uvision.o(HEAP) for Heap_Mem
    startup_mspm0g350x_uvision.o(.text) refers to startup_mspm0g350x_uvision.o(STACK) for Stack_Mem
    ti_msp_dl_config.o(.text.SYSCFG_DL_init) refers to ti_msp_dl_config.o(.text.SYSCFG_DL_initPower) for SYSCFG_DL_initPower
    ti_msp_dl_config.o(.text.SYSCFG_DL_init) refers to ti_msp_dl_config.o(.text.SYSCFG_DL_GPIO_init) for SYSCFG_DL_GPIO_init
    ti_msp_dl_config.o(.text.SYSCFG_DL_init) refers to ti_msp_dl_config.o(.text.SYSCFG_DL_SYSCTL_init) for SYSCFG_DL_SYSCTL_init
    ti_msp_dl_config.o(.text.SYSCFG_DL_init) refers to ti_msp_dl_config.o(.text.SYSCFG_DL_UART_0_init) for SYSCFG_DL_UART_0_init
    ti_msp_dl_config.o(.ARM.exidx.text.SYSCFG_DL_init) refers to ti_msp_dl_config.o(.text.SYSCFG_DL_init) for [Anonymous Symbol]
    ti_msp_dl_config.o(.text.SYSCFG_DL_initPower) refers to ti_msp_dl_config.o(.text.DL_GPIO_reset) for DL_GPIO_reset
    ti_msp_dl_config.o(.text.SYSCFG_DL_initPower) refers to ti_msp_dl_config.o(.text.DL_UART_reset) for DL_UART_reset
    ti_msp_dl_config.o(.text.SYSCFG_DL_initPower) refers to ti_msp_dl_config.o(.text.DL_GPIO_enablePower) for DL_GPIO_enablePower
    ti_msp_dl_config.o(.text.SYSCFG_DL_initPower) refers to ti_msp_dl_config.o(.text.DL_UART_enablePower) for DL_UART_enablePower
    ti_msp_dl_config.o(.text.SYSCFG_DL_initPower) refers to dl_common.o(.text.DL_Common_delayCycles) for DL_Common_delayCycles
    ti_msp_dl_config.o(.ARM.exidx.text.SYSCFG_DL_initPower) refers to ti_msp_dl_config.o(.text.SYSCFG_DL_initPower) for [Anonymous Symbol]
    ti_msp_dl_config.o(.text.SYSCFG_DL_GPIO_init) refers to ti_msp_dl_config.o(.text.DL_GPIO_initPeripheralOutputFunction) for DL_GPIO_initPeripheralOutputFunction
    ti_msp_dl_config.o(.text.SYSCFG_DL_GPIO_init) refers to ti_msp_dl_config.o(.text.DL_GPIO_initPeripheralInputFunction) for DL_GPIO_initPeripheralInputFunction
    ti_msp_dl_config.o(.ARM.exidx.text.SYSCFG_DL_GPIO_init) refers to ti_msp_dl_config.o(.text.SYSCFG_DL_GPIO_init) for [Anonymous Symbol]
    ti_msp_dl_config.o(.text.SYSCFG_DL_SYSCTL_init) refers to ti_msp_dl_config.o(.text.DL_SYSCTL_setBORThreshold) for DL_SYSCTL_setBORThreshold
    ti_msp_dl_config.o(.text.SYSCFG_DL_SYSCTL_init) refers to ti_msp_dl_config.o(.text.DL_SYSCTL_setSYSOSCFreq) for DL_SYSCTL_setSYSOSCFreq
    ti_msp_dl_config.o(.text.SYSCFG_DL_SYSCTL_init) refers to ti_msp_dl_config.o(.text.DL_SYSCTL_disableHFXT) for DL_SYSCTL_disableHFXT
    ti_msp_dl_config.o(.text.SYSCFG_DL_SYSCTL_init) refers to ti_msp_dl_config.o(.text.DL_SYSCTL_disableSYSPLL) for DL_SYSCTL_disableSYSPLL
    ti_msp_dl_config.o(.text.SYSCFG_DL_SYSCTL_init) refers to ti_msp_dl_config.o(.text.DL_SYSCTL_setULPCLKDivider) for DL_SYSCTL_setULPCLKDivider
    ti_msp_dl_config.o(.text.SYSCFG_DL_SYSCTL_init) refers to ti_msp_dl_config.o(.text.DL_SYSCTL_setMCLKDivider) for DL_SYSCTL_setMCLKDivider
    ti_msp_dl_config.o(.ARM.exidx.text.SYSCFG_DL_SYSCTL_init) refers to ti_msp_dl_config.o(.text.SYSCFG_DL_SYSCTL_init) for [Anonymous Symbol]
    ti_msp_dl_config.o(.text.SYSCFG_DL_UART_0_init) refers to dl_uart.o(.text.DL_UART_setClockConfig) for DL_UART_setClockConfig
    ti_msp_dl_config.o(.text.SYSCFG_DL_UART_0_init) refers to dl_uart.o(.text.DL_UART_init) for DL_UART_init
    ti_msp_dl_config.o(.text.SYSCFG_DL_UART_0_init) refers to ti_msp_dl_config.o(.text.DL_UART_setOversampling) for DL_UART_setOversampling
    ti_msp_dl_config.o(.text.SYSCFG_DL_UART_0_init) refers to ti_msp_dl_config.o(.text.DL_UART_setBaudRateDivisor) for DL_UART_setBaudRateDivisor
    ti_msp_dl_config.o(.text.SYSCFG_DL_UART_0_init) refers to ti_msp_dl_config.o(.text.DL_UART_enableInterrupt) for DL_UART_enableInterrupt
    ti_msp_dl_config.o(.text.SYSCFG_DL_UART_0_init) refers to ti_msp_dl_config.o(.text.DL_UART_enable) for DL_UART_enable
    ti_msp_dl_config.o(.text.SYSCFG_DL_UART_0_init) refers to ti_msp_dl_config.o(.rodata.gUART_0ClockConfig) for [Anonymous Symbol]
    ti_msp_dl_config.o(.text.SYSCFG_DL_UART_0_init) refers to ti_msp_dl_config.o(.rodata.gUART_0Config) for [Anonymous Symbol]
    ti_msp_dl_config.o(.ARM.exidx.text.SYSCFG_DL_UART_0_init) refers to ti_msp_dl_config.o(.text.SYSCFG_DL_UART_0_init) for [Anonymous Symbol]
    ti_msp_dl_config.o(.ARM.exidx.text.DL_GPIO_reset) refers to ti_msp_dl_config.o(.text.DL_GPIO_reset) for [Anonymous Symbol]
    ti_msp_dl_config.o(.ARM.exidx.text.DL_UART_reset) refers to ti_msp_dl_config.o(.text.DL_UART_reset) for [Anonymous Symbol]
    ti_msp_dl_config.o(.ARM.exidx.text.DL_GPIO_enablePower) refers to ti_msp_dl_config.o(.text.DL_GPIO_enablePower) for [Anonymous Symbol]
    ti_msp_dl_config.o(.ARM.exidx.text.DL_UART_enablePower) refers to ti_msp_dl_config.o(.text.DL_UART_enablePower) for [Anonymous Symbol]
    ti_msp_dl_config.o(.ARM.exidx.text.DL_GPIO_initPeripheralOutputFunction) refers to ti_msp_dl_config.o(.text.DL_GPIO_initPeripheralOutputFunction) for [Anonymous Symbol]
    ti_msp_dl_config.o(.ARM.exidx.text.DL_GPIO_initPeripheralInputFunction) refers to ti_msp_dl_config.o(.text.DL_GPIO_initPeripheralInputFunction) for [Anonymous Symbol]
    ti_msp_dl_config.o(.ARM.exidx.text.DL_SYSCTL_setBORThreshold) refers to ti_msp_dl_config.o(.text.DL_SYSCTL_setBORThreshold) for [Anonymous Symbol]
    ti_msp_dl_config.o(.text.DL_SYSCTL_setSYSOSCFreq) refers to ti_msp_dl_config.o(.text.DL_Common_updateReg) for DL_Common_updateReg
    ti_msp_dl_config.o(.ARM.exidx.text.DL_SYSCTL_setSYSOSCFreq) refers to ti_msp_dl_config.o(.text.DL_SYSCTL_setSYSOSCFreq) for [Anonymous Symbol]
    ti_msp_dl_config.o(.ARM.exidx.text.DL_SYSCTL_disableHFXT) refers to ti_msp_dl_config.o(.text.DL_SYSCTL_disableHFXT) for [Anonymous Symbol]
    ti_msp_dl_config.o(.ARM.exidx.text.DL_SYSCTL_disableSYSPLL) refers to ti_msp_dl_config.o(.text.DL_SYSCTL_disableSYSPLL) for [Anonymous Symbol]
    ti_msp_dl_config.o(.text.DL_SYSCTL_setULPCLKDivider) refers to ti_msp_dl_config.o(.text.DL_Common_updateReg) for DL_Common_updateReg
    ti_msp_dl_config.o(.ARM.exidx.text.DL_SYSCTL_setULPCLKDivider) refers to ti_msp_dl_config.o(.text.DL_SYSCTL_setULPCLKDivider) for [Anonymous Symbol]
    ti_msp_dl_config.o(.text.DL_SYSCTL_setMCLKDivider) refers to ti_msp_dl_config.o(.text.DL_Common_updateReg) for DL_Common_updateReg
    ti_msp_dl_config.o(.ARM.exidx.text.DL_SYSCTL_setMCLKDivider) refers to ti_msp_dl_config.o(.text.DL_SYSCTL_setMCLKDivider) for [Anonymous Symbol]
    ti_msp_dl_config.o(.text.DL_UART_setOversampling) refers to ti_msp_dl_config.o(.text.DL_Common_updateReg) for DL_Common_updateReg
    ti_msp_dl_config.o(.ARM.exidx.text.DL_UART_setOversampling) refers to ti_msp_dl_config.o(.text.DL_UART_setOversampling) for [Anonymous Symbol]
    ti_msp_dl_config.o(.text.DL_UART_setBaudRateDivisor) refers to ti_msp_dl_config.o(.text.DL_Common_updateReg) for DL_Common_updateReg
    ti_msp_dl_config.o(.ARM.exidx.text.DL_UART_setBaudRateDivisor) refers to ti_msp_dl_config.o(.text.DL_UART_setBaudRateDivisor) for [Anonymous Symbol]
    ti_msp_dl_config.o(.ARM.exidx.text.DL_UART_enableInterrupt) refers to ti_msp_dl_config.o(.text.DL_UART_enableInterrupt) for [Anonymous Symbol]
    ti_msp_dl_config.o(.ARM.exidx.text.DL_UART_enable) refers to ti_msp_dl_config.o(.text.DL_UART_enable) for [Anonymous Symbol]
    ti_msp_dl_config.o(.ARM.exidx.text.DL_Common_updateReg) refers to ti_msp_dl_config.o(.text.DL_Common_updateReg) for [Anonymous Symbol]
    dl_common.o(.ARM.exidx.text.DL_Common_delayCycles) refers to dl_common.o(.text.DL_Common_delayCycles) for [Anonymous Symbol]
    dl_uart.o(.ARM.exidx.text.DL_UART_init) refers to dl_uart.o(.text.DL_UART_init) for [Anonymous Symbol]
    dl_uart.o(.ARM.exidx.text.DL_UART_setClockConfig) refers to dl_uart.o(.text.DL_UART_setClockConfig) for [Anonymous Symbol]
    dl_uart.o(.ARM.exidx.text.DL_UART_getClockConfig) refers to dl_uart.o(.text.DL_UART_getClockConfig) for [Anonymous Symbol]
    dl_uart.o(.text.DL_UART_configBaudRate) refers to aeabi_sdivfast.o(.text_divfast) for __aeabi_uidiv
    dl_uart.o(.ARM.exidx.text.DL_UART_configBaudRate) refers to dl_uart.o(.text.DL_UART_configBaudRate) for [Anonymous Symbol]
    dl_uart.o(.ARM.exidx.text.DL_UART_configIrDAMode) refers to dl_uart.o(.text.DL_UART_configIrDAMode) for [Anonymous Symbol]
    dl_uart.o(.ARM.exidx.text.DL_UART_setIrDAPulseLength) refers to dl_uart.o(.text.DL_UART_setIrDAPulseLength) for [Anonymous Symbol]
    dl_uart.o(.ARM.exidx.text.DL_UART_receiveDataBlocking) refers to dl_uart.o(.text.DL_UART_receiveDataBlocking) for [Anonymous Symbol]
    dl_uart.o(.ARM.exidx.text.DL_UART_transmitDataBlocking) refers to dl_uart.o(.text.DL_UART_transmitDataBlocking) for [Anonymous Symbol]
    dl_uart.o(.ARM.exidx.text.DL_UART_receiveDataCheck) refers to dl_uart.o(.text.DL_UART_receiveDataCheck) for [Anonymous Symbol]
    dl_uart.o(.ARM.exidx.text.DL_UART_transmitDataCheck) refers to dl_uart.o(.text.DL_UART_transmitDataCheck) for [Anonymous Symbol]
    dl_uart.o(.ARM.exidx.text.DL_UART_drainRXFIFO) refers to dl_uart.o(.text.DL_UART_drainRXFIFO) for [Anonymous Symbol]
    dl_uart.o(.ARM.exidx.text.DL_UART_fillTXFIFO) refers to dl_uart.o(.text.DL_UART_fillTXFIFO) for [Anonymous Symbol]
    dl_uart.o(.ARM.exidx.text.DL_UART_Main_saveConfiguration) refers to dl_uart.o(.text.DL_UART_Main_saveConfiguration) for [Anonymous Symbol]
    dl_uart.o(.ARM.exidx.text.DL_UART_Main_restoreConfiguration) refers to dl_uart.o(.text.DL_UART_Main_restoreConfiguration) for [Anonymous Symbol]
    dl_uart.o(.ARM.exidx.text.DL_UART_Extend_saveConfiguration) refers to dl_uart.o(.text.DL_UART_Extend_saveConfiguration) for [Anonymous Symbol]
    dl_uart.o(.ARM.exidx.text.DL_UART_Extend_restoreConfiguration) refers to dl_uart.o(.text.DL_UART_Extend_restoreConfiguration) for [Anonymous Symbol]
    __main.o(!!!main) refers to __rtentry.o(.ARM.Collect$$rtentry$$00000000) for __rt_entry
    __rtentry.o(.ARM.Collect$$rtentry$$00000000) refers (Special) to __rtentry2.o(.ARM.Collect$$rtentry$$0000000A) for __rt_entry_li
    __rtentry.o(.ARM.Collect$$rtentry$$00000000) refers (Special) to __rtentry2.o(.ARM.Collect$$rtentry$$0000000D) for __rt_entry_main
    __rtentry.o(.ARM.Collect$$rtentry$$00000000) refers (Special) to __rtentry2.o(.ARM.Collect$$rtentry$$0000000C) for __rt_entry_postli_1
    __rtentry.o(.ARM.Collect$$rtentry$$00000000) refers (Special) to __rtentry2.o(.ARM.Collect$$rtentry$$00000009) for __rt_entry_postsh_1
    __rtentry.o(.ARM.Collect$$rtentry$$00000000) refers (Special) to __rtentry2.o(.ARM.Collect$$rtentry$$00000002) for __rt_entry_presh_1
    __rtentry.o(.ARM.Collect$$rtentry$$00000000) refers (Special) to __rtentry4.o(.ARM.Collect$$rtentry$$00000004) for __rt_entry_sh
    aeabi_idiv0_sigfpe.o(.text) refers to rt_div0.o(.text) for __rt_div0
    __rtentry2.o(.ARM.Collect$$rtentry$$00000008) refers to boardinit2.o(.text) for _platform_post_stackheap_init
    __rtentry2.o(.ARM.Collect$$rtentry$$0000000A) refers to libinit.o(.ARM.Collect$$libinit$$00000000) for __rt_lib_init
    __rtentry2.o(.ARM.Collect$$rtentry$$0000000B) refers to boardinit3.o(.text) for _platform_post_lib_init
    __rtentry2.o(.ARM.Collect$$rtentry$$0000000D) refers to empty.o(.text.main) for main
    __rtentry2.o(.ARM.Collect$$rtentry$$0000000D) refers to exit.o(.text) for exit
    __rtentry2.o(.ARM.exidx) refers to __rtentry2.o(.ARM.Collect$$rtentry$$00000001) for .ARM.Collect$$rtentry$$00000001
    __rtentry2.o(.ARM.exidx) refers to __rtentry2.o(.ARM.Collect$$rtentry$$00000008) for .ARM.Collect$$rtentry$$00000008
    __rtentry2.o(.ARM.exidx) refers to __rtentry2.o(.ARM.Collect$$rtentry$$0000000A) for .ARM.Collect$$rtentry$$0000000A
    __rtentry2.o(.ARM.exidx) refers to __rtentry2.o(.ARM.Collect$$rtentry$$0000000B) for .ARM.Collect$$rtentry$$0000000B
    __rtentry2.o(.ARM.exidx) refers to __rtentry2.o(.ARM.Collect$$rtentry$$0000000D) for .ARM.Collect$$rtentry$$0000000D
    __rtentry4.o(.ARM.Collect$$rtentry$$00000004) refers to sys_stackheap_outer.o(.text) for __user_setup_stackheap
    __rtentry4.o(.ARM.exidx) refers to __rtentry4.o(.ARM.Collect$$rtentry$$00000004) for .ARM.Collect$$rtentry$$00000004
    rt_div0.o(.text) refers to defsig_fpe_outer.o(.text) for __rt_SIGFPE
    sys_stackheap_outer.o(.text) refers to libspace.o(.text) for __user_perproc_libspace
    sys_stackheap_outer.o(.text) refers to startup_mspm0g350x_uvision.o(.text) for __user_initial_stackheap
    sys_stackheap_outer.o(__vectab_stack_and_reset_area) refers to tempstk.o(.text) for __temporary_stack_top
    sys_stackheap_outer.o(__vectab_stack_and_reset_area) refers to __main.o(!!!main) for __main
    exit.o(.text) refers to rtexit.o(.ARM.Collect$$rtexit$$00000000) for __rt_exit
    defsig_fpe_outer.o(.text) refers to defsig_fpe_inner.o(.text) for __rt_SIGFPE_inner
    defsig_fpe_outer.o(.text) refers to defsig_exit.o(.text) for __sig_exit
    defsig_fpe_formal.o(.text) refers to rt_raise.o(.text) for __rt_raise
    libinit.o(.ARM.Collect$$libinit$$00000000) refers (Special) to libinit2.o(.ARM.Collect$$libinit$$00000030) for __rt_lib_init_alloca_1
    libinit.o(.ARM.Collect$$libinit$$00000000) refers (Special) to libinit2.o(.ARM.Collect$$libinit$$0000002E) for __rt_lib_init_argv_1
    libinit.o(.ARM.Collect$$libinit$$00000000) refers (Special) to libinit2.o(.ARM.Collect$$libinit$$0000001D) for __rt_lib_init_atexit_1
    libinit.o(.ARM.Collect$$libinit$$00000000) refers (Special) to libinit2.o(.ARM.Collect$$libinit$$00000023) for __rt_lib_init_clock_1
    libinit.o(.ARM.Collect$$libinit$$00000000) refers (Special) to libinit2.o(.ARM.Collect$$libinit$$00000034) for __rt_lib_init_cpp_1
    libinit.o(.ARM.Collect$$libinit$$00000000) refers (Special) to libinit2.o(.ARM.Collect$$libinit$$00000032) for __rt_lib_init_exceptions_1
    libinit.o(.ARM.Collect$$libinit$$00000000) refers (Special) to libinit2.o(.ARM.Collect$$libinit$$00000002) for __rt_lib_init_fp_1
    libinit.o(.ARM.Collect$$libinit$$00000000) refers (Special) to libinit2.o(.ARM.Collect$$libinit$$00000021) for __rt_lib_init_fp_trap_1
    libinit.o(.ARM.Collect$$libinit$$00000000) refers (Special) to libinit2.o(.ARM.Collect$$libinit$$00000025) for __rt_lib_init_getenv_1
    libinit.o(.ARM.Collect$$libinit$$00000000) refers (Special) to libinit2.o(.ARM.Collect$$libinit$$0000000C) for __rt_lib_init_heap_1
    libinit.o(.ARM.Collect$$libinit$$00000000) refers (Special) to libinit2.o(.ARM.Collect$$libinit$$00000013) for __rt_lib_init_lc_collate_1
    libinit.o(.ARM.Collect$$libinit$$00000000) refers (Special) to libinit2.o(.ARM.Collect$$libinit$$00000015) for __rt_lib_init_lc_ctype_1
    libinit.o(.ARM.Collect$$libinit$$00000000) refers (Special) to libinit2.o(.ARM.Collect$$libinit$$00000017) for __rt_lib_init_lc_monetary_1
    libinit.o(.ARM.Collect$$libinit$$00000000) refers (Special) to libinit2.o(.ARM.Collect$$libinit$$00000019) for __rt_lib_init_lc_numeric_1
    libinit.o(.ARM.Collect$$libinit$$00000000) refers (Special) to libinit2.o(.ARM.Collect$$libinit$$0000001B) for __rt_lib_init_lc_time_1
    libinit.o(.ARM.Collect$$libinit$$00000000) refers (Special) to libinit2.o(.ARM.Collect$$libinit$$00000006) for __rt_lib_init_preinit_1
    libinit.o(.ARM.Collect$$libinit$$00000000) refers (Special) to libinit2.o(.ARM.Collect$$libinit$$00000010) for __rt_lib_init_rand_1
    libinit.o(.ARM.Collect$$libinit$$00000000) refers (Special) to libinit2.o(.ARM.Collect$$libinit$$00000004) for __rt_lib_init_relocate_pie_1
    libinit.o(.ARM.Collect$$libinit$$00000000) refers (Special) to libinit2.o(.ARM.Collect$$libinit$$00000035) for __rt_lib_init_return
    libinit.o(.ARM.Collect$$libinit$$00000000) refers (Special) to libinit2.o(.ARM.Collect$$libinit$$0000001F) for __rt_lib_init_signal_1
    libinit.o(.ARM.Collect$$libinit$$00000000) refers (Special) to libinit2.o(.ARM.Collect$$libinit$$00000027) for __rt_lib_init_stdio_1
    libinit.o(.ARM.Collect$$libinit$$00000000) refers (Special) to libinit2.o(.ARM.Collect$$libinit$$0000000E) for __rt_lib_init_user_alloc_1
    libspace.o(.text) refers to libspace.o(.bss) for __libspace_start
    rtexit.o(.ARM.Collect$$rtexit$$00000000) refers (Special) to rtexit2.o(.ARM.Collect$$rtexit$$00000004) for __rt_exit_exit
    rtexit.o(.ARM.Collect$$rtexit$$00000000) refers (Special) to rtexit2.o(.ARM.Collect$$rtexit$$00000003) for __rt_exit_ls
    rtexit.o(.ARM.Collect$$rtexit$$00000000) refers (Special) to rtexit2.o(.ARM.Collect$$rtexit$$00000002) for __rt_exit_prels_1
    rtexit.o(.ARM.exidx) refers (Special) to rtexit2.o(.ARM.Collect$$rtexit$$00000004) for __rt_exit_exit
    rtexit.o(.ARM.exidx) refers (Special) to rtexit2.o(.ARM.Collect$$rtexit$$00000003) for __rt_exit_ls
    rtexit.o(.ARM.exidx) refers (Special) to rtexit2.o(.ARM.Collect$$rtexit$$00000002) for __rt_exit_prels_1
    rtexit.o(.ARM.exidx) refers to rtexit.o(.ARM.Collect$$rtexit$$00000000) for .ARM.Collect$$rtexit$$00000000
    rt_raise.o(.text) refers to __raise.o(.text) for __raise
    rt_raise.o(.text) refers to sys_exit.o(.text) for _sys_exit
    defsig_exit.o(.text) refers to sys_exit.o(.text) for _sys_exit
    defsig_fpe_inner.o(.text) refers to defsig_general.o(.text) for __default_signal_display
    libinit2.o(.ARM.Collect$$libinit$$00000012) refers to libinit2.o(.ARM.Collect$$libinit$$00000011) for .ARM.Collect$$libinit$$00000011
    libinit2.o(.ARM.Collect$$libinit$$00000014) refers to libinit2.o(.ARM.Collect$$libinit$$00000011) for .ARM.Collect$$libinit$$00000011
    libinit2.o(.ARM.Collect$$libinit$$00000016) refers to libinit2.o(.ARM.Collect$$libinit$$00000011) for .ARM.Collect$$libinit$$00000011
    libinit2.o(.ARM.Collect$$libinit$$00000018) refers to libinit2.o(.ARM.Collect$$libinit$$00000011) for .ARM.Collect$$libinit$$00000011
    libinit2.o(.ARM.Collect$$libinit$$0000001A) refers to libinit2.o(.ARM.Collect$$libinit$$00000011) for .ARM.Collect$$libinit$$00000011
    libinit2.o(.ARM.Collect$$libinit$$00000028) refers to argv_veneer.o(.text) for __ARM_argv_veneer
    libinit2.o(.ARM.Collect$$libinit$$00000029) refers to argv_veneer.o(.text) for __ARM_argv_veneer
    sys_exit.o(.text) refers (Special) to use_no_semi.o(.text) for __I$use$semihosting
    sys_exit.o(.text) refers (Special) to indicate_semi.o(.text) for __semihosting_library_function
    sys_exit_hlt.o(.text) refers (Special) to use_no_semi.o(.text) for __I$use$semihosting
    sys_exit_hlt.o(.text) refers (Special) to indicate_semi.o(.text) for __semihosting_library_function
    rtexit2.o(.ARM.Collect$$rtexit$$00000003) refers to libshutdown.o(.ARM.Collect$$libshutdown$$00000000) for __rt_lib_shutdown
    rtexit2.o(.ARM.Collect$$rtexit$$00000004) refers to sys_exit.o(.text) for _sys_exit
    rtexit2.o(.ARM.exidx) refers to rtexit2.o(.ARM.Collect$$rtexit$$00000001) for .ARM.Collect$$rtexit$$00000001
    rtexit2.o(.ARM.exidx) refers to rtexit2.o(.ARM.Collect$$rtexit$$00000003) for .ARM.Collect$$rtexit$$00000003
    rtexit2.o(.ARM.exidx) refers to rtexit2.o(.ARM.Collect$$rtexit$$00000004) for .ARM.Collect$$rtexit$$00000004
    __raise.o(.text) refers to defsig.o(CL$$defsig) for __default_signal_handler
    defsig_general.o(.text) refers to sys_wrch.o(.text) for _ttywrch
    sys_wrch.o(.text) refers (Special) to use_no_semi.o(.text) for __I$use$semihosting
    sys_wrch.o(.text) refers (Special) to indicate_semi.o(.text) for __semihosting_library_function
    sys_wrch_hlt.o(.text) refers (Special) to use_no_semi.o(.text) for __I$use$semihosting
    sys_wrch_hlt.o(.text) refers (Special) to indicate_semi.o(.text) for __semihosting_library_function
    defsig.o(CL$$defsig) refers to defsig_fpe_inner.o(.text) for __rt_SIGFPE_inner
    defsig.o(CL$$defsig) refers to defsig_rtmem_inner.o(.text) for __rt_SIGRTMEM_inner
    _get_argv_nomalloc.o(.text) refers (Special) to hrguard.o(.text) for __heap_region$guard
    _get_argv_nomalloc.o(.text) refers to defsig_rtmem_outer.o(.text) for __rt_SIGRTMEM
    _get_argv_nomalloc.o(.text) refers to sys_command.o(.text) for _sys_command_string
    libshutdown.o(.ARM.Collect$$libshutdown$$00000000) refers (Special) to libshutdown2.o(.ARM.Collect$$libshutdown$$00000002) for __rt_lib_shutdown_cpp_1
    libshutdown.o(.ARM.Collect$$libshutdown$$00000000) refers (Special) to libshutdown2.o(.ARM.Collect$$libshutdown$$00000007) for __rt_lib_shutdown_fp_trap_1
    libshutdown.o(.ARM.Collect$$libshutdown$$00000000) refers (Special) to libshutdown2.o(.ARM.Collect$$libshutdown$$0000000F) for __rt_lib_shutdown_heap_1
    libshutdown.o(.ARM.Collect$$libshutdown$$00000000) refers (Special) to libshutdown2.o(.ARM.Collect$$libshutdown$$00000010) for __rt_lib_shutdown_return
    libshutdown.o(.ARM.Collect$$libshutdown$$00000000) refers (Special) to libshutdown2.o(.ARM.Collect$$libshutdown$$0000000A) for __rt_lib_shutdown_signal_1
    libshutdown.o(.ARM.Collect$$libshutdown$$00000000) refers (Special) to libshutdown2.o(.ARM.Collect$$libshutdown$$00000004) for __rt_lib_shutdown_stdio_1
    libshutdown.o(.ARM.Collect$$libshutdown$$00000000) refers (Special) to libshutdown2.o(.ARM.Collect$$libshutdown$$0000000C) for __rt_lib_shutdown_user_alloc_1
    sys_command.o(.text) refers (Special) to use_no_semi.o(.text) for __I$use$semihosting
    sys_command.o(.text) refers (Special) to indicate_semi.o(.text) for __semihosting_library_function
    sys_command_hlt.o(.text) refers (Special) to use_no_semi.o(.text) for __I$use$semihosting
    sys_command_hlt.o(.text) refers (Special) to indicate_semi.o(.text) for __semihosting_library_function
    defsig_abrt_inner.o(.text) refers to defsig_general.o(.text) for __default_signal_display
    defsig_rtred_inner.o(.text) refers to defsig_general.o(.text) for __default_signal_display
    defsig_rtmem_inner.o(.text) refers to defsig_general.o(.text) for __default_signal_display
    defsig_rtmem_outer.o(.text) refers to defsig_rtmem_inner.o(.text) for __rt_SIGRTMEM_inner
    defsig_rtmem_outer.o(.text) refers to defsig_exit.o(.text) for __sig_exit
    defsig_rtmem_formal.o(.text) refers to rt_raise.o(.text) for __rt_raise
    defsig_stak_inner.o(.text) refers to defsig_general.o(.text) for __default_signal_display
    defsig_pvfn_inner.o(.text) refers to defsig_general.o(.text) for __default_signal_display
    defsig_cppl_inner.o(.text) refers to defsig_general.o(.text) for __default_signal_display
    defsig_segv_inner.o(.text) refers to defsig_general.o(.text) for __default_signal_display
    defsig_other.o(.text) refers to defsig_general.o(.text) for __default_signal_display


==============================================================================

Removing Unused input sections from the image.

    Removing empty.o(.text), (0 bytes).
    Removing empty.o(.ARM.exidx.text.main), (8 bytes).
    Removing empty.o(.ARM.use_no_argv), (4 bytes).
    Removing m0_bluetooth_link.o(.text), (0 bytes).
    Removing m0_bluetooth_link.o(.ARM.exidx.text.M0BluetoothLink_init), (8 bytes).
    Removing m0_bluetooth_link.o(.ARM.exidx.text.__NVIC_ClearPendingIRQ), (8 bytes).
    Removing m0_bluetooth_link.o(.ARM.exidx.text.__NVIC_EnableIRQ), (8 bytes).
    Removing m0_bluetooth_link.o(.ARM.exidx.text.M0BluetoothLink_task), (8 bytes).
    Removing m0_bluetooth_link.o(.ARM.exidx.text.parse), (8 bytes).
    Removing m0_bluetooth_link.o(.text.M0BluetoothLink_isVerified), (12 bytes).
    Removing m0_bluetooth_link.o(.ARM.exidx.text.M0BluetoothLink_isVerified), (8 bytes).
    Removing m0_bluetooth_link.o(.ARM.exidx.text.UART0_IRQHandler), (8 bytes).
    Removing m0_bluetooth_link.o(.ARM.exidx.text.DL_UART_getPendingInterrupt), (8 bytes).
    Removing m0_bluetooth_link.o(.ARM.exidx.text.DL_UART_isRXFIFOEmpty), (8 bytes).
    Removing m0_bluetooth_link.o(.ARM.exidx.text.DL_UART_receiveData), (8 bytes).
    Removing m0_bluetooth_link.o(.ARM.exidx.text.processFrame), (8 bytes).
    Removing m0_bluetooth_link.o(.ARM.exidx.text.crc16), (8 bytes).
    Removing m0_bluetooth_link.o(.ARM.exidx.text.sendAck), (8 bytes).
    Removing ti_msp_dl_config.o(.text), (0 bytes).
    Removing ti_msp_dl_config.o(.ARM.exidx.text.SYSCFG_DL_init), (8 bytes).
    Removing ti_msp_dl_config.o(.ARM.exidx.text.SYSCFG_DL_initPower), (8 bytes).
    Removing ti_msp_dl_config.o(.ARM.exidx.text.SYSCFG_DL_GPIO_init), (8 bytes).
    Removing ti_msp_dl_config.o(.ARM.exidx.text.SYSCFG_DL_SYSCTL_init), (8 bytes).
    Removing ti_msp_dl_config.o(.ARM.exidx.text.SYSCFG_DL_UART_0_init), (8 bytes).
    Removing ti_msp_dl_config.o(.ARM.exidx.text.DL_GPIO_reset), (8 bytes).
    Removing ti_msp_dl_config.o(.ARM.exidx.text.DL_UART_reset), (8 bytes).
    Removing ti_msp_dl_config.o(.ARM.exidx.text.DL_GPIO_enablePower), (8 bytes).
    Removing ti_msp_dl_config.o(.ARM.exidx.text.DL_UART_enablePower), (8 bytes).
    Removing ti_msp_dl_config.o(.ARM.exidx.text.DL_GPIO_initPeripheralOutputFunction), (8 bytes).
    Removing ti_msp_dl_config.o(.ARM.exidx.text.DL_GPIO_initPeripheralInputFunction), (8 bytes).
    Removing ti_msp_dl_config.o(.ARM.exidx.text.DL_SYSCTL_setBORThreshold), (8 bytes).
    Removing ti_msp_dl_config.o(.ARM.exidx.text.DL_SYSCTL_setSYSOSCFreq), (8 bytes).
    Removing ti_msp_dl_config.o(.ARM.exidx.text.DL_SYSCTL_disableHFXT), (8 bytes).
    Removing ti_msp_dl_config.o(.ARM.exidx.text.DL_SYSCTL_disableSYSPLL), (8 bytes).
    Removing ti_msp_dl_config.o(.ARM.exidx.text.DL_SYSCTL_setULPCLKDivider), (8 bytes).
    Removing ti_msp_dl_config.o(.ARM.exidx.text.DL_SYSCTL_setMCLKDivider), (8 bytes).
    Removing ti_msp_dl_config.o(.ARM.exidx.text.DL_UART_setOversampling), (8 bytes).
    Removing ti_msp_dl_config.o(.ARM.exidx.text.DL_UART_setBaudRateDivisor), (8 bytes).
    Removing ti_msp_dl_config.o(.ARM.exidx.text.DL_UART_enableInterrupt), (8 bytes).
    Removing ti_msp_dl_config.o(.ARM.exidx.text.DL_UART_enable), (8 bytes).
    Removing ti_msp_dl_config.o(.ARM.exidx.text.DL_Common_updateReg), (8 bytes).
    Removing dl_common.o(.text), (0 bytes).
    Removing dl_common.o(.ARM.exidx.text.DL_Common_delayCycles), (8 bytes).
    Removing dl_uart.o(.text), (0 bytes).
    Removing dl_uart.o(.ARM.exidx.text.DL_UART_init), (8 bytes).
    Removing dl_uart.o(.ARM.exidx.text.DL_UART_setClockConfig), (8 bytes).
    Removing dl_uart.o(.text.DL_UART_getClockConfig), (16 bytes).
    Removing dl_uart.o(.ARM.exidx.text.DL_UART_getClockConfig), (8 bytes).
    Removing dl_uart.o(.text.DL_UART_configBaudRate), (140 bytes).
    Removing dl_uart.o(.ARM.exidx.text.DL_UART_configBaudRate), (8 bytes).
    Removing dl_uart.o(.text.DL_UART_configIrDAMode), (68 bytes).
    Removing dl_uart.o(.ARM.exidx.text.DL_UART_configIrDAMode), (8 bytes).
    Removing dl_uart.o(.text.DL_UART_setIrDAPulseLength), (48 bytes).
    Removing dl_uart.o(.ARM.exidx.text.DL_UART_setIrDAPulseLength), (8 bytes).
    Removing dl_uart.o(.text.DL_UART_receiveDataBlocking), (40 bytes).
    Removing dl_uart.o(.ARM.exidx.text.DL_UART_receiveDataBlocking), (8 bytes).
    Removing dl_uart.o(.ARM.exidx.text.DL_UART_transmitDataBlocking), (8 bytes).
    Removing dl_uart.o(.text.DL_UART_receiveDataCheck), (28 bytes).
    Removing dl_uart.o(.ARM.exidx.text.DL_UART_receiveDataCheck), (8 bytes).
    Removing dl_uart.o(.text.DL_UART_transmitDataCheck), (28 bytes).
    Removing dl_uart.o(.ARM.exidx.text.DL_UART_transmitDataCheck), (8 bytes).
    Removing dl_uart.o(.text.DL_UART_drainRXFIFO), (100 bytes).
    Removing dl_uart.o(.ARM.exidx.text.DL_UART_drainRXFIFO), (8 bytes).
    Removing dl_uart.o(.text.DL_UART_fillTXFIFO), (100 bytes).
    Removing dl_uart.o(.ARM.exidx.text.DL_UART_fillTXFIFO), (8 bytes).
    Removing dl_uart.o(.text.DL_UART_Main_saveConfiguration), (88 bytes).
    Removing dl_uart.o(.ARM.exidx.text.DL_UART_Main_saveConfiguration), (8 bytes).
    Removing dl_uart.o(.text.DL_UART_Main_restoreConfiguration), (120 bytes).
    Removing dl_uart.o(.ARM.exidx.text.DL_UART_Main_restoreConfiguration), (8 bytes).
    Removing dl_uart.o(.text.DL_UART_Extend_saveConfiguration), (104 bytes).
    Removing dl_uart.o(.ARM.exidx.text.DL_UART_Extend_saveConfiguration), (8 bytes).
    Removing dl_uart.o(.text.DL_UART_Extend_restoreConfiguration), (132 bytes).
    Removing dl_uart.o(.ARM.exidx.text.DL_UART_Extend_restoreConfiguration), (8 bytes).

73 unused section(s) (total 1452 bytes) removed from the image.

==============================================================================

Image Symbol Table

    Local Symbols

    Symbol Name                              Value     Ov Type        Size  Object(Section)

    ../clib/angel/boardlib.s                 0x00000000   Number         0  boardinit1.o ABSOLUTE
    ../clib/angel/boardlib.s                 0x00000000   Number         0  boardinit2.o ABSOLUTE
    ../clib/angel/boardlib.s                 0x00000000   Number         0  boardinit3.o ABSOLUTE
    ../clib/angel/boardlib.s                 0x00000000   Number         0  boardshut.o ABSOLUTE
    ../clib/angel/handlers.s                 0x00000000   Number         0  __scatter_zi.o ABSOLUTE
    ../clib/angel/kernel.s                   0x00000000   Number         0  __rtentry.o ABSOLUTE
    ../clib/angel/kernel.s                   0x00000000   Number         0  __rtentry2.o ABSOLUTE
    ../clib/angel/kernel.s                   0x00000000   Number         0  __rtentry4.o ABSOLUTE
    ../clib/angel/kernel.s                   0x00000000   Number         0  rtexit.o ABSOLUTE
    ../clib/angel/kernel.s                   0x00000000   Number         0  rtexit2.o ABSOLUTE
    ../clib/angel/rt.s                       0x00000000   Number         0  aeabi_idiv0.o ABSOLUTE
    ../clib/angel/rt.s                       0x00000000   Number         0  aeabi_idiv0_sigfpe.o ABSOLUTE
    ../clib/angel/rt.s                       0x00000000   Number         0  rt_div0.o ABSOLUTE
    ../clib/angel/rt.s                       0x00000000   Number         0  rt_raise.o ABSOLUTE
    ../clib/angel/scatterp.s                 0x00000000   Number         0  __scatter.o ABSOLUTE
    ../clib/angel/startup.s                  0x00000000   Number         0  __main.o ABSOLUTE
    ../clib/angel/sys.s                      0x00000000   Number         0  sys_stackheap_outer.o ABSOLUTE
    ../clib/angel/sys.s                      0x00000000   Number         0  libspace.o ABSOLUTE
    ../clib/angel/sys.s                      0x00000000   Number         0  tempstk.o ABSOLUTE
    ../clib/angel/sys.s                      0x00000000   Number         0  use_no_semi.o ABSOLUTE
    ../clib/angel/sys.s                      0x00000000   Number         0  indicate_semi.o ABSOLUTE
    ../clib/angel/sysapp.c                   0x00000000   Number         0  sys_exit.o ABSOLUTE
    ../clib/angel/sysapp.c                   0x00000000   Number         0  sys_exit_hlt.o ABSOLUTE
    ../clib/angel/sysapp.c                   0x00000000   Number         0  sys_wrch.o ABSOLUTE
    ../clib/angel/sysapp.c                   0x00000000   Number         0  sys_wrch_hlt.o ABSOLUTE
    ../clib/angel/sysapp.c                   0x00000000   Number         0  sys_command.o ABSOLUTE
    ../clib/angel/sysapp.c                   0x00000000   Number         0  sys_command_hlt.o ABSOLUTE
    ../clib/armsys.c                         0x00000000   Number         0  argv_veneer.o ABSOLUTE
    ../clib/armsys.c                         0x00000000   Number         0  _get_argv_nomalloc.o ABSOLUTE
    ../clib/armsys.c                         0x00000000   Number         0  no_argv.o ABSOLUTE
    ../clib/division.s                       0x00000000   Number         0  aeabi_sdivfast.o ABSOLUTE
    ../clib/division.s                       0x00000000   Number         0  aeabi_sdivfast_div0.o ABSOLUTE
    ../clib/heapalloc.c                      0x00000000   Number         0  hrguard.o ABSOLUTE
    ../clib/heapaux.c                        0x00000000   Number         0  heapauxi.o ABSOLUTE
    ../clib/libinit.s                        0x00000000   Number         0  libinit.o ABSOLUTE
    ../clib/libinit.s                        0x00000000   Number         0  libinit2.o ABSOLUTE
    ../clib/libinit.s                        0x00000000   Number         0  libshutdown.o ABSOLUTE
    ../clib/libinit.s                        0x00000000   Number         0  libshutdown2.o ABSOLUTE
    ../clib/signal.c                         0x00000000   Number         0  defsig_fpe_outer.o ABSOLUTE
    ../clib/signal.c                         0x00000000   Number         0  defsig_fpe_formal.o ABSOLUTE
    ../clib/signal.c                         0x00000000   Number         0  defsig_exit.o ABSOLUTE
    ../clib/signal.c                         0x00000000   Number         0  defsig_fpe_inner.o ABSOLUTE
    ../clib/signal.c                         0x00000000   Number         0  __raise.o ABSOLUTE
    ../clib/signal.c                         0x00000000   Number         0  defsig_general.o ABSOLUTE
    ../clib/signal.c                         0x00000000   Number         0  defsig_abrt_inner.o ABSOLUTE
    ../clib/signal.c                         0x00000000   Number         0  defsig_rtred_inner.o ABSOLUTE
    ../clib/signal.c                         0x00000000   Number         0  defsig_rtmem_inner.o ABSOLUTE
    ../clib/signal.c                         0x00000000   Number         0  defsig_rtmem_outer.o ABSOLUTE
    ../clib/signal.c                         0x00000000   Number         0  defsig_rtmem_formal.o ABSOLUTE
    ../clib/signal.c                         0x00000000   Number         0  defsig_stak_inner.o ABSOLUTE
    ../clib/signal.c                         0x00000000   Number         0  defsig_pvfn_inner.o ABSOLUTE
    ../clib/signal.c                         0x00000000   Number         0  defsig_cppl_inner.o ABSOLUTE
    ../clib/signal.c                         0x00000000   Number         0  defsig_segv_inner.o ABSOLUTE
    ../clib/signal.c                         0x00000000   Number         0  defsig_other.o ABSOLUTE
    ../clib/signal.s                         0x00000000   Number         0  defsig.o ABSOLUTE
    ../clib/stdlib.c                         0x00000000   Number         0  exit.o ABSOLUTE
    ../fplib/cfplib/fpinit.c                 0x00000000   Number         0  fpinit.o ABSOLUTE
    dc.s                                     0x00000000   Number         0  dc.o ABSOLUTE
    dl_common.c                              0x00000000   Number         0  dl_common.o ABSOLUTE
    dl_uart.c                                0x00000000   Number         0  dl_uart.o ABSOLUTE
    empty.c                                  0x00000000   Number         0  empty.o ABSOLUTE
    m0_bluetooth_link.c                      0x00000000   Number         0  m0_bluetooth_link.o ABSOLUTE
    startup_mspm0g350x_uvision.s             0x00000000   Number         0  startup_mspm0g350x_uvision.o ABSOLUTE
    ti_msp_dl_config.c                       0x00000000   Number         0  ti_msp_dl_config.o ABSOLUTE
    RESET                                    0x00000000   Section      192  startup_mspm0g350x_uvision.o(RESET)
    !!!main                                  0x000000c0   Section        8  __main.o(!!!main)
    !!!scatter                               0x000000c8   Section       60  __scatter.o(!!!scatter)
    !!handler_zi                             0x00000108   Section       28  __scatter_zi.o(!!handler_zi)
    .ARM.Collect$$libinit$$00000000          0x00000124   Section        2  libinit.o(.ARM.Collect$$libinit$$00000000)
    .ARM.Collect$$libinit$$00000002          0x00000126   Section        0  libinit2.o(.ARM.Collect$$libinit$$00000002)
    .ARM.Collect$$libinit$$00000004          0x00000126   Section        0  libinit2.o(.ARM.Collect$$libinit$$00000004)
    .ARM.Collect$$libinit$$00000006          0x00000126   Section        0  libinit2.o(.ARM.Collect$$libinit$$00000006)
    .ARM.Collect$$libinit$$0000000C          0x00000126   Section        0  libinit2.o(.ARM.Collect$$libinit$$0000000C)
    .ARM.Collect$$libinit$$0000000E          0x00000126   Section        0  libinit2.o(.ARM.Collect$$libinit$$0000000E)
    .ARM.Collect$$libinit$$00000010          0x00000126   Section        0  libinit2.o(.ARM.Collect$$libinit$$00000010)
    .ARM.Collect$$libinit$$00000013          0x00000126   Section        0  libinit2.o(.ARM.Collect$$libinit$$00000013)
    .ARM.Collect$$libinit$$00000015          0x00000126   Section        0  libinit2.o(.ARM.Collect$$libinit$$00000015)
    .ARM.Collect$$libinit$$00000017          0x00000126   Section        0  libinit2.o(.ARM.Collect$$libinit$$00000017)
    .ARM.Collect$$libinit$$00000019          0x00000126   Section        0  libinit2.o(.ARM.Collect$$libinit$$00000019)
    .ARM.Collect$$libinit$$0000001B          0x00000126   Section        0  libinit2.o(.ARM.Collect$$libinit$$0000001B)
    .ARM.Collect$$libinit$$0000001D          0x00000126   Section        0  libinit2.o(.ARM.Collect$$libinit$$0000001D)
    .ARM.Collect$$libinit$$0000001F          0x00000126   Section        0  libinit2.o(.ARM.Collect$$libinit$$0000001F)
    .ARM.Collect$$libinit$$00000021          0x00000126   Section        0  libinit2.o(.ARM.Collect$$libinit$$00000021)
    .ARM.Collect$$libinit$$00000023          0x00000126   Section        0  libinit2.o(.ARM.Collect$$libinit$$00000023)
    .ARM.Collect$$libinit$$00000025          0x00000126   Section        0  libinit2.o(.ARM.Collect$$libinit$$00000025)
    .ARM.Collect$$libinit$$00000027          0x00000126   Section        0  libinit2.o(.ARM.Collect$$libinit$$00000027)
    .ARM.Collect$$libinit$$0000002E          0x00000126   Section        0  libinit2.o(.ARM.Collect$$libinit$$0000002E)
    .ARM.Collect$$libinit$$00000030          0x00000126   Section        0  libinit2.o(.ARM.Collect$$libinit$$00000030)
    .ARM.Collect$$libinit$$00000032          0x00000126   Section        0  libinit2.o(.ARM.Collect$$libinit$$00000032)
    .ARM.Collect$$libinit$$00000034          0x00000126   Section        0  libinit2.o(.ARM.Collect$$libinit$$00000034)
    .ARM.Collect$$libinit$$00000035          0x00000126   Section        2  libinit2.o(.ARM.Collect$$libinit$$00000035)
    .ARM.Collect$$libshutdown$$00000000      0x00000128   Section        2  libshutdown.o(.ARM.Collect$$libshutdown$$00000000)
    .ARM.Collect$$libshutdown$$00000002      0x0000012a   Section        0  libshutdown2.o(.ARM.Collect$$libshutdown$$00000002)
    .ARM.Collect$$libshutdown$$00000004      0x0000012a   Section        0  libshutdown2.o(.ARM.Collect$$libshutdown$$00000004)
    .ARM.Collect$$libshutdown$$00000007      0x0000012a   Section        0  libshutdown2.o(.ARM.Collect$$libshutdown$$00000007)
    .ARM.Collect$$libshutdown$$0000000A      0x0000012a   Section        0  libshutdown2.o(.ARM.Collect$$libshutdown$$0000000A)
    .ARM.Collect$$libshutdown$$0000000C      0x0000012a   Section        0  libshutdown2.o(.ARM.Collect$$libshutdown$$0000000C)
    .ARM.Collect$$libshutdown$$0000000F      0x0000012a   Section        0  libshutdown2.o(.ARM.Collect$$libshutdown$$0000000F)
    .ARM.Collect$$libshutdown$$00000010      0x0000012a   Section        2  libshutdown2.o(.ARM.Collect$$libshutdown$$00000010)
    .ARM.Collect$$rtentry$$00000000          0x0000012c   Section        0  __rtentry.o(.ARM.Collect$$rtentry$$00000000)
    .ARM.Collect$$rtentry$$00000002          0x0000012c   Section        0  __rtentry2.o(.ARM.Collect$$rtentry$$00000002)
    .ARM.Collect$$rtentry$$00000004          0x0000012c   Section        6  __rtentry4.o(.ARM.Collect$$rtentry$$00000004)
    .ARM.Collect$$rtentry$$00000009          0x00000132   Section        0  __rtentry2.o(.ARM.Collect$$rtentry$$00000009)
    .ARM.Collect$$rtentry$$0000000A          0x00000132   Section        4  __rtentry2.o(.ARM.Collect$$rtentry$$0000000A)
    .ARM.Collect$$rtentry$$0000000C          0x00000136   Section        0  __rtentry2.o(.ARM.Collect$$rtentry$$0000000C)
    .ARM.Collect$$rtentry$$0000000D          0x00000136   Section        8  __rtentry2.o(.ARM.Collect$$rtentry$$0000000D)
    .ARM.Collect$$rtexit$$00000000           0x0000013e   Section        2  rtexit.o(.ARM.Collect$$rtexit$$00000000)
    .ARM.Collect$$rtexit$$00000002           0x00000140   Section        0  rtexit2.o(.ARM.Collect$$rtexit$$00000002)
    .ARM.Collect$$rtexit$$00000003           0x00000140   Section        4  rtexit2.o(.ARM.Collect$$rtexit$$00000003)
    .ARM.Collect$$rtexit$$00000004           0x00000144   Section        6  rtexit2.o(.ARM.Collect$$rtexit$$00000004)
    .text                                    0x0000014c   Section       44  startup_mspm0g350x_uvision.o(.text)
    .text                                    0x00000178   Section        0  heapauxi.o(.text)
    .text                                    0x0000017e   Section       62  sys_stackheap_outer.o(.text)
    .text                                    0x000001bc   Section        0  exit.o(.text)
    .text                                    0x000001cc   Section        8  libspace.o(.text)
    .text                                    0x000001d4   Section        0  sys_exit.o(.text)
    .text                                    0x000001e0   Section        2  use_no_semi.o(.text)
    [Anonymous Symbol]                       0x000001e2   Section        0  dl_common.o(.text.DL_Common_delayCycles)
    .text                                    0x000001e2   Section        0  indicate_semi.o(.text)
    DL_Common_updateReg                      0x000001ed   Thumb Code    40  ti_msp_dl_config.o(.text.DL_Common_updateReg)
    [Anonymous Symbol]                       0x000001ec   Section        0  ti_msp_dl_config.o(.text.DL_Common_updateReg)
    DL_GPIO_enablePower                      0x00000215   Thumb Code    20  ti_msp_dl_config.o(.text.DL_GPIO_enablePower)
    [Anonymous Symbol]                       0x00000214   Section        0  ti_msp_dl_config.o(.text.DL_GPIO_enablePower)
    DL_GPIO_initPeripheralInputFunction      0x00000229   Thumb Code    24  ti_msp_dl_config.o(.text.DL_GPIO_initPeripheralInputFunction)
    [Anonymous Symbol]                       0x00000228   Section        0  ti_msp_dl_config.o(.text.DL_GPIO_initPeripheralInputFunction)
    __arm_cp.10_0                            0x00000240   Number         4  ti_msp_dl_config.o(.text.DL_GPIO_initPeripheralInputFunction)
    DL_GPIO_initPeripheralOutputFunction     0x00000245   Thumb Code    24  ti_msp_dl_config.o(.text.DL_GPIO_initPeripheralOutputFunction)
    [Anonymous Symbol]                       0x00000244   Section        0  ti_msp_dl_config.o(.text.DL_GPIO_initPeripheralOutputFunction)
    __arm_cp.9_0                             0x0000025c   Number         4  ti_msp_dl_config.o(.text.DL_GPIO_initPeripheralOutputFunction)
    DL_GPIO_reset                            0x00000261   Thumb Code    16  ti_msp_dl_config.o(.text.DL_GPIO_reset)
    [Anonymous Symbol]                       0x00000260   Section        0  ti_msp_dl_config.o(.text.DL_GPIO_reset)
    DL_SYSCTL_disableHFXT                    0x00000271   Thumb Code    12  ti_msp_dl_config.o(.text.DL_SYSCTL_disableHFXT)
    [Anonymous Symbol]                       0x00000270   Section        0  ti_msp_dl_config.o(.text.DL_SYSCTL_disableHFXT)
    DL_SYSCTL_disableSYSPLL                  0x0000027d   Thumb Code    16  ti_msp_dl_config.o(.text.DL_SYSCTL_disableSYSPLL)
    [Anonymous Symbol]                       0x0000027c   Section        0  ti_msp_dl_config.o(.text.DL_SYSCTL_disableSYSPLL)
    __arm_cp.14_0                            0x0000028c   Number         4  ti_msp_dl_config.o(.text.DL_SYSCTL_disableSYSPLL)
    DL_SYSCTL_setBORThreshold                0x00000291   Thumb Code    20  ti_msp_dl_config.o(.text.DL_SYSCTL_setBORThreshold)
    [Anonymous Symbol]                       0x00000290   Section        0  ti_msp_dl_config.o(.text.DL_SYSCTL_setBORThreshold)
    __arm_cp.11_0                            0x000002a4   Number         4  ti_msp_dl_config.o(.text.DL_SYSCTL_setBORThreshold)
    DL_SYSCTL_setMCLKDivider                 0x000002a9   Thumb Code    24  ti_msp_dl_config.o(.text.DL_SYSCTL_setMCLKDivider)
    [Anonymous Symbol]                       0x000002a8   Section        0  ti_msp_dl_config.o(.text.DL_SYSCTL_setMCLKDivider)
    DL_SYSCTL_setSYSOSCFreq                  0x000002c1   Thumb Code    24  ti_msp_dl_config.o(.text.DL_SYSCTL_setSYSOSCFreq)
    [Anonymous Symbol]                       0x000002c0   Section        0  ti_msp_dl_config.o(.text.DL_SYSCTL_setSYSOSCFreq)
    __arm_cp.12_0                            0x000002d8   Number         4  ti_msp_dl_config.o(.text.DL_SYSCTL_setSYSOSCFreq)
    DL_SYSCTL_setULPCLKDivider               0x000002dd   Thumb Code    24  ti_msp_dl_config.o(.text.DL_SYSCTL_setULPCLKDivider)
    [Anonymous Symbol]                       0x000002dc   Section        0  ti_msp_dl_config.o(.text.DL_SYSCTL_setULPCLKDivider)
    __arm_cp.15_0                            0x000002f4   Number         4  ti_msp_dl_config.o(.text.DL_SYSCTL_setULPCLKDivider)
    DL_UART_enable                           0x000002f9   Thumb Code    22  ti_msp_dl_config.o(.text.DL_UART_enable)
    [Anonymous Symbol]                       0x000002f8   Section        0  ti_msp_dl_config.o(.text.DL_UART_enable)
    DL_UART_enableInterrupt                  0x00000311   Thumb Code    24  ti_msp_dl_config.o(.text.DL_UART_enableInterrupt)
    [Anonymous Symbol]                       0x00000310   Section        0  ti_msp_dl_config.o(.text.DL_UART_enableInterrupt)
    __arm_cp.19_0                            0x00000328   Number         4  ti_msp_dl_config.o(.text.DL_UART_enableInterrupt)
    DL_UART_enablePower                      0x0000032d   Thumb Code    20  ti_msp_dl_config.o(.text.DL_UART_enablePower)
    [Anonymous Symbol]                       0x0000032c   Section        0  ti_msp_dl_config.o(.text.DL_UART_enablePower)
    __arm_cp.8_0                             0x00000340   Number         4  ti_msp_dl_config.o(.text.DL_UART_enablePower)
    DL_UART_getPendingInterrupt              0x00000345   Thumb Code    18  m0_bluetooth_link.o(.text.DL_UART_getPendingInterrupt)
    [Anonymous Symbol]                       0x00000344   Section        0  m0_bluetooth_link.o(.text.DL_UART_getPendingInterrupt)
    [Anonymous Symbol]                       0x00000358   Section        0  dl_uart.o(.text.DL_UART_init)
    __arm_cp.0_0                             0x00000398   Number         4  dl_uart.o(.text.DL_UART_init)
    __arm_cp.0_1                             0x0000039c   Number         4  dl_uart.o(.text.DL_UART_init)
    DL_UART_isRXFIFOEmpty                    0x000003a1   Thumb Code    20  m0_bluetooth_link.o(.text.DL_UART_isRXFIFOEmpty)
    [Anonymous Symbol]                       0x000003a0   Section        0  m0_bluetooth_link.o(.text.DL_UART_isRXFIFOEmpty)
    DL_UART_receiveData                      0x000003b5   Thumb Code    16  m0_bluetooth_link.o(.text.DL_UART_receiveData)
    [Anonymous Symbol]                       0x000003b4   Section        0  m0_bluetooth_link.o(.text.DL_UART_receiveData)
    __arm_cp.9_0                             0x000003c4   Number         4  m0_bluetooth_link.o(.text.DL_UART_receiveData)
    DL_UART_reset                            0x000003c9   Thumb Code    16  ti_msp_dl_config.o(.text.DL_UART_reset)
    [Anonymous Symbol]                       0x000003c8   Section        0  ti_msp_dl_config.o(.text.DL_UART_reset)
    __arm_cp.6_0                             0x000003d8   Number         4  ti_msp_dl_config.o(.text.DL_UART_reset)
    __arm_cp.6_1                             0x000003dc   Number         4  ti_msp_dl_config.o(.text.DL_UART_reset)
    DL_UART_setBaudRateDivisor               0x000003e1   Thumb Code    60  ti_msp_dl_config.o(.text.DL_UART_setBaudRateDivisor)
    [Anonymous Symbol]                       0x000003e0   Section        0  ti_msp_dl_config.o(.text.DL_UART_setBaudRateDivisor)
    __arm_cp.18_0                            0x0000041c   Number         4  ti_msp_dl_config.o(.text.DL_UART_setBaudRateDivisor)
    __arm_cp.18_2                            0x00000420   Number         4  ti_msp_dl_config.o(.text.DL_UART_setBaudRateDivisor)
    __arm_cp.18_3                            0x00000424   Number         4  ti_msp_dl_config.o(.text.DL_UART_setBaudRateDivisor)
    [Anonymous Symbol]                       0x00000428   Section        0  dl_uart.o(.text.DL_UART_setClockConfig)
    DL_UART_setOversampling                  0x0000043b   Thumb Code    30  ti_msp_dl_config.o(.text.DL_UART_setOversampling)
    [Anonymous Symbol]                       0x0000043a   Section        0  ti_msp_dl_config.o(.text.DL_UART_setOversampling)
    [Anonymous Symbol]                       0x00000458   Section        0  dl_uart.o(.text.DL_UART_transmitDataBlocking)
    __arm_cp.7_0                             0x00000490   Number         4  dl_uart.o(.text.DL_UART_transmitDataBlocking)
    [Anonymous Symbol]                       0x00000494   Section        0  m0_bluetooth_link.o(.text.M0BluetoothLink_init)
    __arm_cp.0_0                             0x000004f4   Number         4  m0_bluetooth_link.o(.text.M0BluetoothLink_init)
    __arm_cp.0_1                             0x000004f8   Number         4  m0_bluetooth_link.o(.text.M0BluetoothLink_init)
    __arm_cp.0_4                             0x000004fc   Number         4  m0_bluetooth_link.o(.text.M0BluetoothLink_init)
    [Anonymous Symbol]                       0x00000500   Section        0  m0_bluetooth_link.o(.text.M0BluetoothLink_task)
    [Anonymous Symbol]                       0x00000534   Section        0  ti_msp_dl_config.o(.text.SYSCFG_DL_GPIO_init)
    [Anonymous Symbol]                       0x0000054e   Section        0  ti_msp_dl_config.o(.text.SYSCFG_DL_SYSCTL_init)
    [Anonymous Symbol]                       0x00000578   Section        0  ti_msp_dl_config.o(.text.SYSCFG_DL_UART_0_init)
    __arm_cp.4_0                             0x000005b4   Number         4  ti_msp_dl_config.o(.text.SYSCFG_DL_UART_0_init)
    __arm_cp.4_2                             0x000005b8   Number         4  ti_msp_dl_config.o(.text.SYSCFG_DL_UART_0_init)
    [Anonymous Symbol]                       0x000005bc   Section        0  ti_msp_dl_config.o(.text.SYSCFG_DL_init)
    [Anonymous Symbol]                       0x000005d0   Section        0  ti_msp_dl_config.o(.text.SYSCFG_DL_initPower)
    __arm_cp.1_0                             0x00000608   Number         4  ti_msp_dl_config.o(.text.SYSCFG_DL_initPower)
    __arm_cp.1_1                             0x0000060c   Number         4  ti_msp_dl_config.o(.text.SYSCFG_DL_initPower)
    [Anonymous Symbol]                       0x00000610   Section        0  m0_bluetooth_link.o(.text.UART0_IRQHandler)
    __arm_cp.6_0                             0x00000698   Number         4  m0_bluetooth_link.o(.text.UART0_IRQHandler)
    __arm_cp.6_1                             0x0000069c   Number         4  m0_bluetooth_link.o(.text.UART0_IRQHandler)
    __arm_cp.6_2                             0x000006a0   Number         4  m0_bluetooth_link.o(.text.UART0_IRQHandler)
    __arm_cp.6_3                             0x000006a4   Number         4  m0_bluetooth_link.o(.text.UART0_IRQHandler)
    __arm_cp.6_4                             0x000006a8   Number         4  m0_bluetooth_link.o(.text.UART0_IRQHandler)
    __arm_cp.6_5                             0x000006ac   Number         4  m0_bluetooth_link.o(.text.UART0_IRQHandler)
    __arm_cp.6_6                             0x000006b0   Number         4  m0_bluetooth_link.o(.text.UART0_IRQHandler)
    __arm_cp.6_7                             0x000006b4   Number         4  m0_bluetooth_link.o(.text.UART0_IRQHandler)
    __NVIC_ClearPendingIRQ                   0x000006b9   Thumb Code    40  m0_bluetooth_link.o(.text.__NVIC_ClearPendingIRQ)
    [Anonymous Symbol]                       0x000006b8   Section        0  m0_bluetooth_link.o(.text.__NVIC_ClearPendingIRQ)
    __arm_cp.1_0                             0x000006e0   Number         4  m0_bluetooth_link.o(.text.__NVIC_ClearPendingIRQ)
    __NVIC_EnableIRQ                         0x000006e5   Thumb Code    40  m0_bluetooth_link.o(.text.__NVIC_EnableIRQ)
    [Anonymous Symbol]                       0x000006e4   Section        0  m0_bluetooth_link.o(.text.__NVIC_EnableIRQ)
    __arm_cp.2_0                             0x0000070c   Number         4  m0_bluetooth_link.o(.text.__NVIC_EnableIRQ)
    crc16                                    0x00000711   Thumb Code   148  m0_bluetooth_link.o(.text.crc16)
    [Anonymous Symbol]                       0x00000710   Section        0  m0_bluetooth_link.o(.text.crc16)
    __arm_cp.11_0                            0x000007a4   Number         4  m0_bluetooth_link.o(.text.crc16)
    __arm_cp.11_1                            0x000007a8   Number         4  m0_bluetooth_link.o(.text.crc16)
    [Anonymous Symbol]                       0x000007ac   Section        0  empty.o(.text.main)
    parse                                    0x000007c5   Thumb Code   232  m0_bluetooth_link.o(.text.parse)
    [Anonymous Symbol]                       0x000007c4   Section        0  m0_bluetooth_link.o(.text.parse)
    __arm_cp.4_0                             0x000008ac   Number         4  m0_bluetooth_link.o(.text.parse)
    __arm_cp.4_2                             0x000008b0   Number         4  m0_bluetooth_link.o(.text.parse)
    processFrame                             0x000008b5   Thumb Code   344  m0_bluetooth_link.o(.text.processFrame)
    [Anonymous Symbol]                       0x000008b4   Section        0  m0_bluetooth_link.o(.text.processFrame)
    __arm_cp.10_0                            0x00000a0c   Number         4  m0_bluetooth_link.o(.text.processFrame)
    __arm_cp.10_1                            0x00000a10   Number         4  m0_bluetooth_link.o(.text.processFrame)
    sendAck                                  0x00000a15   Thumb Code   164  m0_bluetooth_link.o(.text.sendAck)
    [Anonymous Symbol]                       0x00000a14   Section        0  m0_bluetooth_link.o(.text.sendAck)
    __arm_cp.12_0                            0x00000ab8   Number         4  m0_bluetooth_link.o(.text.sendAck)
    gUART_0ClockConfig                       0x00000abc   Data           2  ti_msp_dl_config.o(.rodata.gUART_0ClockConfig)
    [Anonymous Symbol]                       0x00000abc   Section        0  ti_msp_dl_config.o(.rodata.gUART_0ClockConfig)
    gUART_0Config                            0x00000abe   Data          10  ti_msp_dl_config.o(.rodata.gUART_0Config)
    [Anonymous Symbol]                       0x00000abe   Section        0  ti_msp_dl_config.o(.rodata.gUART_0Config)
    .bss                                     0x20200000   Section       96  libspace.o(.bss)
    frame                                    0x20200060   Data         143  m0_bluetooth_link.o(.bss.frame)
    [Anonymous Symbol]                       0x20200060   Section        0  m0_bluetooth_link.o(.bss.frame)
    frame_count                              0x202000f0   Data           2  m0_bluetooth_link.o(.bss.frame_count)
    [Anonymous Symbol]                       0x202000f0   Section        0  m0_bluetooth_link.o(.bss.frame_count)
    frame_expected                           0x202000f2   Data           2  m0_bluetooth_link.o(.bss.frame_expected)
    [Anonymous Symbol]                       0x202000f2   Section        0  m0_bluetooth_link.o(.bss.frame_expected)
    ring                                     0x20200120   Data         256  m0_bluetooth_link.o(.bss.ring)
    [Anonymous Symbol]                       0x20200120   Section        0  m0_bluetooth_link.o(.bss.ring)
    ring_read                                0x20200220   Data           2  m0_bluetooth_link.o(.bss.ring_read)
    [Anonymous Symbol]                       0x20200220   Section        0  m0_bluetooth_link.o(.bss.ring_read)
    ring_write                               0x20200222   Data           2  m0_bluetooth_link.o(.bss.ring_write)
    [Anonymous Symbol]                       0x20200222   Section        0  m0_bluetooth_link.o(.bss.ring_write)
    verified                                 0x20200224   Data           1  m0_bluetooth_link.o(.bss.verified)
    [Anonymous Symbol]                       0x20200224   Section        0  m0_bluetooth_link.o(.bss.verified)
    Heap_Mem                                 0x20200228   Data           0  startup_mspm0g350x_uvision.o(HEAP)
    Stack_Mem                                0x20200228   Data         256  startup_mspm0g350x_uvision.o(STACK)
    HEAP                                     0x20200228   Section        0  startup_mspm0g350x_uvision.o(HEAP)
    STACK                                    0x20200228   Section      256  startup_mspm0g350x_uvision.o(STACK)
    __initial_sp                             0x20200328   Data           0  startup_mspm0g350x_uvision.o(STACK)

    Global Symbols

    Symbol Name                              Value     Ov Type        Size  Object(Section)

    BuildAttributes$$THM_ISAv3M$S$PE$A:L22$X:L11$S22$IEEE1$IW$~IW$USESV6$~STKCKD$USESV7$~SHL$OTIME$ROPI$EBA8$UX$STANDARDLIB$REQ8$PRES8$EABIv2 0x00000000   Number         0  anon$$obj.o ABSOLUTE
    __Vectors                                0x00000000   Data           4  startup_mspm0g350x_uvision.o(RESET)
    __ARM_exceptions_init                     - Undefined Weak Reference
    __alloca_initialize                       - Undefined Weak Reference
    __arm_preinit_                            - Undefined Weak Reference
    __arm_relocate_pie_                       - Undefined Weak Reference
    __cpp_initialize__aeabi_                  - Undefined Weak Reference
    __cxa_finalize                            - Undefined Weak Reference
    __rt_locale                               - Undefined Weak Reference
    __sigvec_lookup                           - Undefined Weak Reference
    _atexit_init                              - Undefined Weak Reference
    _call_atexit_fns                          - Undefined Weak Reference
    _clock_init                               - Undefined Weak Reference
    _fp_trap_init                             - Undefined Weak Reference
    _fp_trap_shutdown                         - Undefined Weak Reference
    _get_lc_collate                           - Undefined Weak Reference
    _get_lc_ctype                             - Undefined Weak Reference
    _get_lc_monetary                          - Undefined Weak Reference
    _get_lc_numeric                           - Undefined Weak Reference
    _get_lc_time                              - Undefined Weak Reference
    _getenv_init                              - Undefined Weak Reference
    _handle_redirection                       - Undefined Weak Reference
    _init_alloc                               - Undefined Weak Reference
    _init_user_alloc                          - Undefined Weak Reference
    _initio                                   - Undefined Weak Reference
    _rand_init                                - Undefined Weak Reference
    _signal_finish                            - Undefined Weak Reference
    _signal_init                              - Undefined Weak Reference
    _terminate_alloc                          - Undefined Weak Reference
    _terminate_user_alloc                     - Undefined Weak Reference
    _terminateio                              - Undefined Weak Reference
    __Vectors_End                            0x000000c0   Data           0  startup_mspm0g350x_uvision.o(RESET)
    __Vectors_Size                           0x000000c0   Number         0  startup_mspm0g350x_uvision.o ABSOLUTE
    __main                                   0x000000c1   Thumb Code     8  __main.o(!!!main)
    __scatterload                            0x000000c9   Thumb Code     0  __scatter.o(!!!scatter)
    __scatterload_rt2                        0x000000c9   Thumb Code    52  __scatter.o(!!!scatter)
    __scatterload_rt2_thumb_only             0x000000c9   Thumb Code     0  __scatter.o(!!!scatter)
    __scatterload_null                       0x000000d9   Thumb Code     0  __scatter.o(!!!scatter)
    __scatterload_zeroinit                   0x00000109   Thumb Code    28  __scatter_zi.o(!!handler_zi)
    __rt_lib_init                            0x00000125   Thumb Code     0  libinit.o(.ARM.Collect$$libinit$$00000000)
    __rt_lib_init_alloca_1                   0x00000127   Thumb Code     0  libinit2.o(.ARM.Collect$$libinit$$00000030)
    __rt_lib_init_argv_1                     0x00000127   Thumb Code     0  libinit2.o(.ARM.Collect$$libinit$$0000002E)
    __rt_lib_init_atexit_1                   0x00000127   Thumb Code     0  libinit2.o(.ARM.Collect$$libinit$$0000001D)
    __rt_lib_init_clock_1                    0x00000127   Thumb Code     0  libinit2.o(.ARM.Collect$$libinit$$00000023)
    __rt_lib_init_cpp_1                      0x00000127   Thumb Code     0  libinit2.o(.ARM.Collect$$libinit$$00000034)
    __rt_lib_init_exceptions_1               0x00000127   Thumb Code     0  libinit2.o(.ARM.Collect$$libinit$$00000032)
    __rt_lib_init_fp_1                       0x00000127   Thumb Code     0  libinit2.o(.ARM.Collect$$libinit$$00000002)
    __rt_lib_init_fp_trap_1                  0x00000127   Thumb Code     0  libinit2.o(.ARM.Collect$$libinit$$00000021)
    __rt_lib_init_getenv_1                   0x00000127   Thumb Code     0  libinit2.o(.ARM.Collect$$libinit$$00000025)
    __rt_lib_init_heap_1                     0x00000127   Thumb Code     0  libinit2.o(.ARM.Collect$$libinit$$0000000C)
    __rt_lib_init_lc_collate_1               0x00000127   Thumb Code     0  libinit2.o(.ARM.Collect$$libinit$$00000013)
    __rt_lib_init_lc_ctype_1                 0x00000127   Thumb Code     0  libinit2.o(.ARM.Collect$$libinit$$00000015)
    __rt_lib_init_lc_monetary_1              0x00000127   Thumb Code     0  libinit2.o(.ARM.Collect$$libinit$$00000017)
    __rt_lib_init_lc_numeric_1               0x00000127   Thumb Code     0  libinit2.o(.ARM.Collect$$libinit$$00000019)
    __rt_lib_init_lc_time_1                  0x00000127   Thumb Code     0  libinit2.o(.ARM.Collect$$libinit$$0000001B)
    __rt_lib_init_preinit_1                  0x00000127   Thumb Code     0  libinit2.o(.ARM.Collect$$libinit$$00000006)
    __rt_lib_init_rand_1                     0x00000127   Thumb Code     0  libinit2.o(.ARM.Collect$$libinit$$00000010)
    __rt_lib_init_relocate_pie_1             0x00000127   Thumb Code     0  libinit2.o(.ARM.Collect$$libinit$$00000004)
    __rt_lib_init_return                     0x00000127   Thumb Code     0  libinit2.o(.ARM.Collect$$libinit$$00000035)
    __rt_lib_init_signal_1                   0x00000127   Thumb Code     0  libinit2.o(.ARM.Collect$$libinit$$0000001F)
    __rt_lib_init_stdio_1                    0x00000127   Thumb Code     0  libinit2.o(.ARM.Collect$$libinit$$00000027)
    __rt_lib_init_user_alloc_1               0x00000127   Thumb Code     0  libinit2.o(.ARM.Collect$$libinit$$0000000E)
    __rt_lib_shutdown                        0x00000129   Thumb Code     0  libshutdown.o(.ARM.Collect$$libshutdown$$00000000)
    __rt_lib_shutdown_cpp_1                  0x0000012b   Thumb Code     0  libshutdown2.o(.ARM.Collect$$libshutdown$$00000002)
    __rt_lib_shutdown_fp_trap_1              0x0000012b   Thumb Code     0  libshutdown2.o(.ARM.Collect$$libshutdown$$00000007)
    __rt_lib_shutdown_heap_1                 0x0000012b   Thumb Code     0  libshutdown2.o(.ARM.Collect$$libshutdown$$0000000F)
    __rt_lib_shutdown_return                 0x0000012b   Thumb Code     0  libshutdown2.o(.ARM.Collect$$libshutdown$$00000010)
    __rt_lib_shutdown_signal_1               0x0000012b   Thumb Code     0  libshutdown2.o(.ARM.Collect$$libshutdown$$0000000A)
    __rt_lib_shutdown_stdio_1                0x0000012b   Thumb Code     0  libshutdown2.o(.ARM.Collect$$libshutdown$$00000004)
    __rt_lib_shutdown_user_alloc_1           0x0000012b   Thumb Code     0  libshutdown2.o(.ARM.Collect$$libshutdown$$0000000C)
    __rt_entry                               0x0000012d   Thumb Code     0  __rtentry.o(.ARM.Collect$$rtentry$$00000000)
    __rt_entry_presh_1                       0x0000012d   Thumb Code     0  __rtentry2.o(.ARM.Collect$$rtentry$$00000002)
    __rt_entry_sh                            0x0000012d   Thumb Code     0  __rtentry4.o(.ARM.Collect$$rtentry$$00000004)
    __rt_entry_li                            0x00000133   Thumb Code     0  __rtentry2.o(.ARM.Collect$$rtentry$$0000000A)
    __rt_entry_postsh_1                      0x00000133   Thumb Code     0  __rtentry2.o(.ARM.Collect$$rtentry$$00000009)
    __rt_entry_main                          0x00000137   Thumb Code     0  __rtentry2.o(.ARM.Collect$$rtentry$$0000000D)
    __rt_entry_postli_1                      0x00000137   Thumb Code     0  __rtentry2.o(.ARM.Collect$$rtentry$$0000000C)
    __rt_exit                                0x0000013f   Thumb Code     0  rtexit.o(.ARM.Collect$$rtexit$$00000000)
    __rt_exit_ls                             0x00000141   Thumb Code     0  rtexit2.o(.ARM.Collect$$rtexit$$00000003)
    __rt_exit_prels_1                        0x00000141   Thumb Code     0  rtexit2.o(.ARM.Collect$$rtexit$$00000002)
    __rt_exit_exit                           0x00000145   Thumb Code     0  rtexit2.o(.ARM.Collect$$rtexit$$00000004)
    Reset_Handler                            0x0000014d   Thumb Code     4  startup_mspm0g350x_uvision.o(.text)
    NMI_Handler                              0x00000151   Thumb Code     2  startup_mspm0g350x_uvision.o(.text)
    HardFault_Handler                        0x00000153   Thumb Code     2  startup_mspm0g350x_uvision.o(.text)
    SVC_Handler                              0x00000155   Thumb Code     2  startup_mspm0g350x_uvision.o(.text)
    PendSV_Handler                           0x00000157   Thumb Code     2  startup_mspm0g350x_uvision.o(.text)
    SysTick_Handler                          0x00000159   Thumb Code     2  startup_mspm0g350x_uvision.o(.text)
    ADC0_IRQHandler                          0x0000015b   Thumb Code     0  startup_mspm0g350x_uvision.o(.text)
    ADC1_IRQHandler                          0x0000015b   Thumb Code     0  startup_mspm0g350x_uvision.o(.text)
    AES_IRQHandler                           0x0000015b   Thumb Code     0  startup_mspm0g350x_uvision.o(.text)
    CANFD0_IRQHandler                        0x0000015b   Thumb Code     0  startup_mspm0g350x_uvision.o(.text)
    DAC0_IRQHandler                          0x0000015b   Thumb Code     0  startup_mspm0g350x_uvision.o(.text)
    DMA_IRQHandler                           0x0000015b   Thumb Code     0  startup_mspm0g350x_uvision.o(.text)
    Default_Handler                          0x0000015b   Thumb Code     2  startup_mspm0g350x_uvision.o(.text)
    GROUP0_IRQHandler                        0x0000015b   Thumb Code     0  startup_mspm0g350x_uvision.o(.text)
    GROUP1_IRQHandler                        0x0000015b   Thumb Code     0  startup_mspm0g350x_uvision.o(.text)
    I2C0_IRQHandler                          0x0000015b   Thumb Code     0  startup_mspm0g350x_uvision.o(.text)
    I2C1_IRQHandler                          0x0000015b   Thumb Code     0  startup_mspm0g350x_uvision.o(.text)
    RTC_IRQHandler                           0x0000015b   Thumb Code     0  startup_mspm0g350x_uvision.o(.text)
    SPI0_IRQHandler                          0x0000015b   Thumb Code     0  startup_mspm0g350x_uvision.o(.text)
    SPI1_IRQHandler                          0x0000015b   Thumb Code     0  startup_mspm0g350x_uvision.o(.text)
    TIMA0_IRQHandler                         0x0000015b   Thumb Code     0  startup_mspm0g350x_uvision.o(.text)
    TIMA1_IRQHandler                         0x0000015b   Thumb Code     0  startup_mspm0g350x_uvision.o(.text)
    TIMG0_IRQHandler                         0x0000015b   Thumb Code     0  startup_mspm0g350x_uvision.o(.text)
    TIMG12_IRQHandler                        0x0000015b   Thumb Code     0  startup_mspm0g350x_uvision.o(.text)
    TIMG6_IRQHandler                         0x0000015b   Thumb Code     0  startup_mspm0g350x_uvision.o(.text)
    TIMG7_IRQHandler                         0x0000015b   Thumb Code     0  startup_mspm0g350x_uvision.o(.text)
    TIMG8_IRQHandler                         0x0000015b   Thumb Code     0  startup_mspm0g350x_uvision.o(.text)
    UART1_IRQHandler                         0x0000015b   Thumb Code     0  startup_mspm0g350x_uvision.o(.text)
    UART2_IRQHandler                         0x0000015b   Thumb Code     0  startup_mspm0g350x_uvision.o(.text)
    UART3_IRQHandler                         0x0000015b   Thumb Code     0  startup_mspm0g350x_uvision.o(.text)
    __user_initial_stackheap                 0x0000015d   Thumb Code    10  startup_mspm0g350x_uvision.o(.text)
    __use_two_region_memory                  0x00000179   Thumb Code     2  heapauxi.o(.text)
    __rt_heap_escrow$2region                 0x0000017b   Thumb Code     2  heapauxi.o(.text)
    __rt_heap_expand$2region                 0x0000017d   Thumb Code     2  heapauxi.o(.text)
    __user_setup_stackheap                   0x0000017f   Thumb Code    62  sys_stackheap_outer.o(.text)
    exit                                     0x000001bd   Thumb Code    16  exit.o(.text)
    __user_libspace                          0x000001cd   Thumb Code     8  libspace.o(.text)
    __user_perproc_libspace                  0x000001cd   Thumb Code     0  libspace.o(.text)
    __user_perthread_libspace                0x000001cd   Thumb Code     0  libspace.o(.text)
    _sys_exit                                0x000001d5   Thumb Code     8  sys_exit.o(.text)
    __I$use$semihosting                      0x000001e1   Thumb Code     0  use_no_semi.o(.text)
    __use_no_semihosting_swi                 0x000001e1   Thumb Code     2  use_no_semi.o(.text)
    DL_Common_delayCycles                    0x000001e3   Thumb Code    10  dl_common.o(.text.DL_Common_delayCycles)
    __semihosting_library_function           0x000001e3   Thumb Code     0  indicate_semi.o(.text)
    DL_UART_init                             0x00000359   Thumb Code    64  dl_uart.o(.text.DL_UART_init)
    DL_UART_setClockConfig                   0x00000429   Thumb Code    18  dl_uart.o(.text.DL_UART_setClockConfig)
    DL_UART_transmitDataBlocking             0x00000459   Thumb Code    56  dl_uart.o(.text.DL_UART_transmitDataBlocking)
    M0BluetoothLink_init                     0x00000495   Thumb Code    96  m0_bluetooth_link.o(.text.M0BluetoothLink_init)
    M0BluetoothLink_task                     0x00000501   Thumb Code    52  m0_bluetooth_link.o(.text.M0BluetoothLink_task)
    SYSCFG_DL_GPIO_init                      0x00000535   Thumb Code    26  ti_msp_dl_config.o(.text.SYSCFG_DL_GPIO_init)
    SYSCFG_DL_SYSCTL_init                    0x0000054f   Thumb Code    42  ti_msp_dl_config.o(.text.SYSCFG_DL_SYSCTL_init)
    SYSCFG_DL_UART_0_init                    0x00000579   Thumb Code    60  ti_msp_dl_config.o(.text.SYSCFG_DL_UART_0_init)
    SYSCFG_DL_init                           0x000005bd   Thumb Code    20  ti_msp_dl_config.o(.text.SYSCFG_DL_init)
    SYSCFG_DL_initPower                      0x000005d1   Thumb Code    56  ti_msp_dl_config.o(.text.SYSCFG_DL_initPower)
    UART0_IRQHandler                         0x00000611   Thumb Code   136  m0_bluetooth_link.o(.text.UART0_IRQHandler)
    main                                     0x000007ad   Thumb Code    24  empty.o(.text.main)
    Region$$Table$$Base                      0x00000ac8   Number         0  anon$$obj.o(Region$$Table)
    Region$$Table$$Limit                     0x00000ad8   Number         0  anon$$obj.o(Region$$Table)
    __libspace_start                         0x20200000   Data          96  libspace.o(.bss)
    __temporary_stack_top$libspace           0x20200060   Data           0  libspace.o(.bss)
    m0_bluetooth_rx_byte_count               0x202000f4   Data           4  m0_bluetooth_link.o(.bss.m0_bluetooth_rx_byte_count)
    m0_bluetooth_rx_capture                  0x202000f8   Data          32  m0_bluetooth_link.o(.bss.m0_bluetooth_rx_capture)
    m0_bluetooth_rx_capture_count            0x20200118   Data           2  m0_bluetooth_link.o(.bss.m0_bluetooth_rx_capture_count)
    m0_bluetooth_rx_overflow_count           0x2020011c   Data           4  m0_bluetooth_link.o(.bss.m0_bluetooth_rx_overflow_count)



==============================================================================

Memory Map of the image

  Image Entry point : 0x000000c1

  Load Region LR_IROM1 (Base: 0x00000000, Size: 0x00000ad8, Max: 0x00020000, ABSOLUTE)

    Execution Region ER_IROM1 (Exec base: 0x00000000, Load base: 0x00000000, Size: 0x00000ad8, Max: 0x00020000, ABSOLUTE)

    Exec Addr    Load Addr    Size         Type   Attr      Idx    E Section Name        Object

    0x00000000   0x00000000   0x000000c0   Data   RO           56    RESET               startup_mspm0g350x_uvision.o
    0x000000c0   0x000000c0   0x00000008   Code   RO          177  * !!!main             c_p.l(__main.o)
    0x000000c8   0x000000c8   0x0000003c   Code   RO          354    !!!scatter          c_p.l(__scatter.o)
    0x00000104   0x00000104   0x00000004   PAD
    0x00000108   0x00000108   0x0000001c   Code   RO          356    !!handler_zi        c_p.l(__scatter_zi.o)
    0x00000124   0x00000124   0x00000002   Code   RO          215    .ARM.Collect$$libinit$$00000000  c_p.l(libinit.o)
    0x00000126   0x00000126   0x00000000   Code   RO          229    .ARM.Collect$$libinit$$00000002  c_p.l(libinit2.o)
    0x00000126   0x00000126   0x00000000   Code   RO          231    .ARM.Collect$$libinit$$00000004  c_p.l(libinit2.o)
    0x00000126   0x00000126   0x00000000   Code   RO          233    .ARM.Collect$$libinit$$00000006  c_p.l(libinit2.o)
    0x00000126   0x00000126   0x00000000   Code   RO          236    .ARM.Collect$$libinit$$0000000C  c_p.l(libinit2.o)
    0x00000126   0x00000126   0x00000000   Code   RO          238    .ARM.Collect$$libinit$$0000000E  c_p.l(libinit2.o)
    0x00000126   0x00000126   0x00000000   Code   RO          240    .ARM.Collect$$libinit$$00000010  c_p.l(libinit2.o)
    0x00000126   0x00000126   0x00000000   Code   RO          243    .ARM.Collect$$libinit$$00000013  c_p.l(libinit2.o)
    0x00000126   0x00000126   0x00000000   Code   RO          245    .ARM.Collect$$libinit$$00000015  c_p.l(libinit2.o)
    0x00000126   0x00000126   0x00000000   Code   RO          247    .ARM.Collect$$libinit$$00000017  c_p.l(libinit2.o)
    0x00000126   0x00000126   0x00000000   Code   RO          249    .ARM.Collect$$libinit$$00000019  c_p.l(libinit2.o)
    0x00000126   0x00000126   0x00000000   Code   RO          251    .ARM.Collect$$libinit$$0000001B  c_p.l(libinit2.o)
    0x00000126   0x00000126   0x00000000   Code   RO          253    .ARM.Collect$$libinit$$0000001D  c_p.l(libinit2.o)
    0x00000126   0x00000126   0x00000000   Code   RO          255    .ARM.Collect$$libinit$$0000001F  c_p.l(libinit2.o)
    0x00000126   0x00000126   0x00000000   Code   RO          257    .ARM.Collect$$libinit$$00000021  c_p.l(libinit2.o)
    0x00000126   0x00000126   0x00000000   Code   RO          259    .ARM.Collect$$libinit$$00000023  c_p.l(libinit2.o)
    0x00000126   0x00000126   0x00000000   Code   RO          261    .ARM.Collect$$libinit$$00000025  c_p.l(libinit2.o)
    0x00000126   0x00000126   0x00000000   Code   RO          263    .ARM.Collect$$libinit$$00000027  c_p.l(libinit2.o)
    0x00000126   0x00000126   0x00000000   Code   RO          267    .ARM.Collect$$libinit$$0000002E  c_p.l(libinit2.o)
    0x00000126   0x00000126   0x00000000   Code   RO          269    .ARM.Collect$$libinit$$00000030  c_p.l(libinit2.o)
    0x00000126   0x00000126   0x00000000   Code   RO          271    .ARM.Collect$$libinit$$00000032  c_p.l(libinit2.o)
    0x00000126   0x00000126   0x00000000   Code   RO          273    .ARM.Collect$$libinit$$00000034  c_p.l(libinit2.o)
    0x00000126   0x00000126   0x00000002   Code   RO          274    .ARM.Collect$$libinit$$00000035  c_p.l(libinit2.o)
    0x00000128   0x00000128   0x00000002   Code   RO          309    .ARM.Collect$$libshutdown$$00000000  c_p.l(libshutdown.o)
    0x0000012a   0x0000012a   0x00000000   Code   RO          337    .ARM.Collect$$libshutdown$$00000002  c_p.l(libshutdown2.o)
    0x0000012a   0x0000012a   0x00000000   Code   RO          339    .ARM.Collect$$libshutdown$$00000004  c_p.l(libshutdown2.o)
    0x0000012a   0x0000012a   0x00000000   Code   RO          342    .ARM.Collect$$libshutdown$$00000007  c_p.l(libshutdown2.o)
    0x0000012a   0x0000012a   0x00000000   Code   RO          345    .ARM.Collect$$libshutdown$$0000000A  c_p.l(libshutdown2.o)
    0x0000012a   0x0000012a   0x00000000   Code   RO          347    .ARM.Collect$$libshutdown$$0000000C  c_p.l(libshutdown2.o)
    0x0000012a   0x0000012a   0x00000000   Code   RO          350    .ARM.Collect$$libshutdown$$0000000F  c_p.l(libshutdown2.o)
    0x0000012a   0x0000012a   0x00000002   Code   RO          351    .ARM.Collect$$libshutdown$$00000010  c_p.l(libshutdown2.o)
    0x0000012c   0x0000012c   0x00000000   Code   RO          179    .ARM.Collect$$rtentry$$00000000  c_p.l(__rtentry.o)
    0x0000012c   0x0000012c   0x00000000   Code   RO          185    .ARM.Collect$$rtentry$$00000002  c_p.l(__rtentry2.o)
    0x0000012c   0x0000012c   0x00000006   Code   RO          197    .ARM.Collect$$rtentry$$00000004  c_p.l(__rtentry4.o)
    0x00000132   0x00000132   0x00000000   Code   RO          187    .ARM.Collect$$rtentry$$00000009  c_p.l(__rtentry2.o)
    0x00000132   0x00000132   0x00000004   Code   RO          188    .ARM.Collect$$rtentry$$0000000A  c_p.l(__rtentry2.o)
    0x00000136   0x00000136   0x00000000   Code   RO          190    .ARM.Collect$$rtentry$$0000000C  c_p.l(__rtentry2.o)
    0x00000136   0x00000136   0x00000008   Code   RO          191    .ARM.Collect$$rtentry$$0000000D  c_p.l(__rtentry2.o)
    0x0000013e   0x0000013e   0x00000002   Code   RO          220    .ARM.Collect$$rtexit$$00000000  c_p.l(rtexit.o)
    0x00000140   0x00000140   0x00000000   Code   RO          280    .ARM.Collect$$rtexit$$00000002  c_p.l(rtexit2.o)
    0x00000140   0x00000140   0x00000004   Code   RO          281    .ARM.Collect$$rtexit$$00000003  c_p.l(rtexit2.o)
    0x00000144   0x00000144   0x00000006   Code   RO          282    .ARM.Collect$$rtexit$$00000004  c_p.l(rtexit2.o)
    0x0000014a   0x0000014a   0x00000002   PAD
    0x0000014c   0x0000014c   0x0000002c   Code   RO           57    .text               startup_mspm0g350x_uvision.o
    0x00000178   0x00000178   0x00000006   Code   RO          175    .text               c_p.l(heapauxi.o)
    0x0000017e   0x0000017e   0x0000003e   Code   RO          201    .text               c_p.l(sys_stackheap_outer.o)
    0x000001bc   0x000001bc   0x00000010   Code   RO          204    .text               c_p.l(exit.o)
    0x000001cc   0x000001cc   0x00000008   Code   RO          216    .text               c_p.l(libspace.o)
    0x000001d4   0x000001d4   0x0000000c   Code   RO          275    .text               c_p.l(sys_exit.o)
    0x000001e0   0x000001e0   0x00000002   Code   RO          298    .text               c_p.l(use_no_semi.o)
    0x000001e2   0x000001e2   0x00000000   Code   RO          300    .text               c_p.l(indicate_semi.o)
    0x000001e2   0x000001e2   0x0000000a   Code   RO          117    .text.DL_Common_delayCycles  driverlib.a(dl_common.o)
    0x000001ec   0x000001ec   0x00000028   Code   RO          106    .text.DL_Common_updateReg  ti_msp_dl_config.o
    0x00000214   0x00000214   0x00000014   Code   RO           78    .text.DL_GPIO_enablePower  ti_msp_dl_config.o
    0x00000228   0x00000228   0x0000001c   Code   RO           84    .text.DL_GPIO_initPeripheralInputFunction  ti_msp_dl_config.o
    0x00000244   0x00000244   0x0000001c   Code   RO           82    .text.DL_GPIO_initPeripheralOutputFunction  ti_msp_dl_config.o
    0x00000260   0x00000260   0x00000010   Code   RO           74    .text.DL_GPIO_reset  ti_msp_dl_config.o
    0x00000270   0x00000270   0x0000000c   Code   RO           90    .text.DL_SYSCTL_disableHFXT  ti_msp_dl_config.o
    0x0000027c   0x0000027c   0x00000014   Code   RO           92    .text.DL_SYSCTL_disableSYSPLL  ti_msp_dl_config.o
    0x00000290   0x00000290   0x00000018   Code   RO           86    .text.DL_SYSCTL_setBORThreshold  ti_msp_dl_config.o
    0x000002a8   0x000002a8   0x00000018   Code   RO           96    .text.DL_SYSCTL_setMCLKDivider  ti_msp_dl_config.o
    0x000002c0   0x000002c0   0x0000001c   Code   RO           88    .text.DL_SYSCTL_setSYSOSCFreq  ti_msp_dl_config.o
    0x000002dc   0x000002dc   0x0000001c   Code   RO           94    .text.DL_SYSCTL_setULPCLKDivider  ti_msp_dl_config.o
    0x000002f8   0x000002f8   0x00000016   Code   RO          104    .text.DL_UART_enable  ti_msp_dl_config.o
    0x0000030e   0x0000030e   0x00000002   PAD
    0x00000310   0x00000310   0x0000001c   Code   RO          102    .text.DL_UART_enableInterrupt  ti_msp_dl_config.o
    0x0000032c   0x0000032c   0x00000018   Code   RO           80    .text.DL_UART_enablePower  ti_msp_dl_config.o
    0x00000344   0x00000344   0x00000012   Code   RO           25    .text.DL_UART_getPendingInterrupt  m0_bluetooth_link.o
    0x00000356   0x00000356   0x00000002   PAD
    0x00000358   0x00000358   0x00000048   Code   RO          126    .text.DL_UART_init  driverlib.a(dl_uart.o)
    0x000003a0   0x000003a0   0x00000014   Code   RO           27    .text.DL_UART_isRXFIFOEmpty  m0_bluetooth_link.o
    0x000003b4   0x000003b4   0x00000014   Code   RO           29    .text.DL_UART_receiveData  m0_bluetooth_link.o
    0x000003c8   0x000003c8   0x00000018   Code   RO           76    .text.DL_UART_reset  ti_msp_dl_config.o
    0x000003e0   0x000003e0   0x00000048   Code   RO          100    .text.DL_UART_setBaudRateDivisor  ti_msp_dl_config.o
    0x00000428   0x00000428   0x00000012   Code   RO          128    .text.DL_UART_setClockConfig  driverlib.a(dl_uart.o)
    0x0000043a   0x0000043a   0x0000001e   Code   RO           98    .text.DL_UART_setOversampling  ti_msp_dl_config.o
    0x00000458   0x00000458   0x0000003c   Code   RO          140    .text.DL_UART_transmitDataBlocking  driverlib.a(dl_uart.o)
    0x00000494   0x00000494   0x0000006c   Code   RO           11    .text.M0BluetoothLink_init  m0_bluetooth_link.o
    0x00000500   0x00000500   0x00000034   Code   RO           17    .text.M0BluetoothLink_task  m0_bluetooth_link.o
    0x00000534   0x00000534   0x0000001a   Code   RO           68    .text.SYSCFG_DL_GPIO_init  ti_msp_dl_config.o
    0x0000054e   0x0000054e   0x0000002a   Code   RO           70    .text.SYSCFG_DL_SYSCTL_init  ti_msp_dl_config.o
    0x00000578   0x00000578   0x00000044   Code   RO           72    .text.SYSCFG_DL_UART_0_init  ti_msp_dl_config.o
    0x000005bc   0x000005bc   0x00000014   Code   RO           64    .text.SYSCFG_DL_init  ti_msp_dl_config.o
    0x000005d0   0x000005d0   0x00000040   Code   RO           66    .text.SYSCFG_DL_initPower  ti_msp_dl_config.o
    0x00000610   0x00000610   0x000000a8   Code   RO           23    .text.UART0_IRQHandler  m0_bluetooth_link.o
    0x000006b8   0x000006b8   0x0000002c   Code   RO           13    .text.__NVIC_ClearPendingIRQ  m0_bluetooth_link.o
    0x000006e4   0x000006e4   0x0000002c   Code   RO           15    .text.__NVIC_EnableIRQ  m0_bluetooth_link.o
    0x00000710   0x00000710   0x0000009c   Code   RO           33    .text.crc16         m0_bluetooth_link.o
    0x000007ac   0x000007ac   0x00000018   Code   RO            2    .text.main          empty.o
    0x000007c4   0x000007c4   0x000000f0   Code   RO           19    .text.parse         m0_bluetooth_link.o
    0x000008b4   0x000008b4   0x00000160   Code   RO           31    .text.processFrame  m0_bluetooth_link.o
    0x00000a14   0x00000a14   0x000000a8   Code   RO           35    .text.sendAck       m0_bluetooth_link.o
    0x00000abc   0x00000abc   0x00000002   Data   RO          108    .rodata.gUART_0ClockConfig  ti_msp_dl_config.o
    0x00000abe   0x00000abe   0x0000000a   Data   RO          109    .rodata.gUART_0Config  ti_msp_dl_config.o
    0x00000ac8   0x00000ac8   0x00000010   Data   RO          353    Region$$Table       anon$$obj.o


    Execution Region RW_IRAM2 (Exec base: 0x20200000, Load base: 0x00000ad8, Size: 0x00000328, Max: 0x00008000, ABSOLUTE)

    Exec Addr    Load Addr    Size         Type   Attr      Idx    E Section Name        Object

    0x20200000        -       0x00000060   Zero   RW          217    .bss                c_p.l(libspace.o)
    0x20200060        -       0x0000008f   Zero   RW           47    .bss.frame          m0_bluetooth_link.o
    0x202000ef   0x00000ad8   0x00000001   PAD
    0x202000f0        -       0x00000002   Zero   RW           38    .bss.frame_count    m0_bluetooth_link.o
    0x202000f2        -       0x00000002   Zero   RW           37    .bss.frame_expected  m0_bluetooth_link.o
    0x202000f4        -       0x00000004   Zero   RW           43    .bss.m0_bluetooth_rx_byte_count  m0_bluetooth_link.o
    0x202000f8        -       0x00000020   Zero   RW           45    .bss.m0_bluetooth_rx_capture  m0_bluetooth_link.o
    0x20200118        -       0x00000002   Zero   RW           44    .bss.m0_bluetooth_rx_capture_count  m0_bluetooth_link.o
    0x2020011a   0x00000ad8   0x00000002   PAD
    0x2020011c        -       0x00000004   Zero   RW           42    .bss.m0_bluetooth_rx_overflow_count  m0_bluetooth_link.o
    0x20200120        -       0x00000100   Zero   RW           46    .bss.ring           m0_bluetooth_link.o
    0x20200220        -       0x00000002   Zero   RW           39    .bss.ring_read      m0_bluetooth_link.o
    0x20200222        -       0x00000002   Zero   RW           40    .bss.ring_write     m0_bluetooth_link.o
    0x20200224        -       0x00000001   Zero   RW           41    .bss.verified       m0_bluetooth_link.o
    0x20200225   0x00000ad8   0x00000003   PAD
    0x20200228        -       0x00000000   Zero   RW           55    HEAP                startup_mspm0g350x_uvision.o
    0x20200228        -       0x00000100   Zero   RW           54    STACK               startup_mspm0g350x_uvision.o



  Load Region LR_BCR (Base: 0x41c00000, Size: 0x00000000, Max: 0x00000100, ABSOLUTE)

    Execution Region BCR_CONFIG (Exec base: 0x41c00000, Load base: 0x41c00000, Size: 0x00000000, Max: 0x000000ff, ABSOLUTE)

    **** No section assigned to this execution region ****



  Load Region LR_BSL (Base: 0x41c00100, Size: 0x00000000, Max: 0x00000100, ABSOLUTE)

    Execution Region BSL_CONFIG (Exec base: 0x41c00100, Load base: 0x41c00100, Size: 0x00000000, Max: 0x00000080, ABSOLUTE)

    **** No section assigned to this execution region ****


==============================================================================

Image component sizes


      Code (inc. data)   RO Data    RW Data    ZI Data      Debug   Object Name

        24          0          0          0          0        393   empty.o
      1390         84          0          0        450       7860   m0_bluetooth_link.o
        44         18        192          0        256        692   startup_mspm0g350x_uvision.o
       688         68         12          0          0      13910   ti_msp_dl_config.o

    ----------------------------------------------------------------------
      2150        170        220          0        712      22855   Object Totals
         0          0         16          0          0          0   (incl. Generated)
         4          0          0          0          6          0   (incl. Padding)

    ----------------------------------------------------------------------

      Code (inc. data)   RO Data    RW Data    ZI Data      Debug   Library Member Name

         8          0          0          0          0         68   __main.o
         0          0          0          0          0          0   __rtentry.o
        12          0          0          0          0          0   __rtentry2.o
         6          0          0          0          0          0   __rtentry4.o
        60          8          0          0          0          0   __scatter.o
        28          0          0          0          0          0   __scatter_zi.o
        16          0          0          0          0         68   exit.o
         6          0          0          0          0        136   heapauxi.o
         0          0          0          0          0          0   indicate_semi.o
         2          0          0          0          0          0   libinit.o
         2          0          0          0          0          0   libinit2.o
         2          0          0          0          0          0   libshutdown.o
         2          0          0          0          0          0   libshutdown2.o
         8          4          0          0         96         68   libspace.o
         2          0          0          0          0          0   rtexit.o
        10          0          0          0          0          0   rtexit2.o
        12          4          0          0          0         60   sys_exit.o
        62          0          0          0          0         80   sys_stackheap_outer.o
         2          0          0          0          0         68   use_no_semi.o
        10          0          0          0          0        812   dl_common.o
       150         12          0          0          0      14712   dl_uart.o

    ----------------------------------------------------------------------
       406         32          0          0         96      16072   Library Totals
         6          4          0          0          0          0   (incl. Padding)

    ----------------------------------------------------------------------

      Code (inc. data)   RO Data    RW Data    ZI Data      Debug   Library Name

       240         16          0          0         96        548   c_p.l
       160         12          0          0          0      15524   driverlib.a

    ----------------------------------------------------------------------
       406         32          0          0         96      16072   Library Totals

    ----------------------------------------------------------------------

==============================================================================


      Code (inc. data)   RO Data    RW Data    ZI Data      Debug   

      2556        202        220          0        808      38687   Grand Totals
      2556        202        220          0        808      38687   ELF Image Totals
      2556        202        220          0          0          0   ROM Totals

==============================================================================

    Total RO  Size (Code + RO Data)                 2776 (   2.71kB)
    Total RW  Size (RW Data + ZI Data)               808 (   0.79kB)
    Total ROM Size (Code + RO Data + RW Data)       2776 (   2.71kB)

==============================================================================

