******************************************************************************
             TMS320C2000 Linker PC v25.11.1                    
******************************************************************************
>> Linked Mon Jul 20 21:48:54 2026

OUTPUT FILE NAME:   <Red.out>
ENTRY POINT SYMBOL: "code_start"  address: 00000000


MEMORY CONFIGURATION

         name            origin    length      used     unused   attr    fill
----------------------  --------  ---------  --------  --------  ----  --------
PAGE 0:
  BEGIN                 00000000   00000002  00000002  00000000  RWIX
  RAMM0                 00000123   000002dd  00000020  000002bd  RWIX
  RAMLS0                00008000   00000800  00000800  00000000  RWIX
  RAMLS1                00008800   00000800  000001a0  00000660  RWIX
  RAMLS2                00009000   00000800  00000000  00000800  RWIX
  RAMLS3                00009800   00000800  00000000  00000800  RWIX
  RAMLS4                0000a000   00000800  00000000  00000800  RWIX
  RAMD0                 0000b000   00000800  00000800  00000000  RWIX
  FLASHA                00080002   00001ffe  00000000  00001ffe  RWIX
  FLASHB                00082000   00002000  00000000  00002000  RWIX
  FLASHC                00084000   00002000  00000000  00002000  RWIX
  FLASHD                00086000   00002000  00000000  00002000  RWIX
  FLASHE                00088000   00008000  00000000  00008000  RWIX
  FLASHF                00090000   00008000  00000000  00008000  RWIX
  FLASHG                00098000   00008000  00000000  00008000  RWIX
  FLASHH                000a0000   00008000  00000000  00008000  RWIX
  FLASHI                000a8000   00008000  00000000  00008000  RWIX
  FLASHJ                000b0000   00008000  00000000  00008000  RWIX
  FLASHK                000b8000   00002000  00000000  00002000  RWIX
  FLASHL                000ba000   00002000  00000000  00002000  RWIX
  FLASHM                000bc000   00002000  00000000  00002000  RWIX
  FLASHN                000be000   00001ff0  00000000  00001ff0  RWIX
  RESET                 003fffc0   00000002  00000000  00000002  RWIX

PAGE 1:
  BOOT_RSVD             00000002   00000121  00000000  00000121  RWIX
  RAMM1                 00000400   000003f8  00000100  000002f8  RWIX
  RAMLS5                0000a800   00000800  0000045b  000003a5  RWIX
  RAMD1                 0000b800   00000800  00000000  00000800  RWIX
  RAMGS0                0000c000   00001000  00000000  00001000  RWIX
  RAMGS1                0000d000   00001000  00000000  00001000  RWIX
  RAMGS2                0000e000   00001000  00000000  00001000  RWIX
  RAMGS3                0000f000   00001000  00000000  00001000  RWIX
  RAMGS4                00010000   00001000  00000000  00001000  RWIX
  RAMGS5                00011000   00001000  00000000  00001000  RWIX
  RAMGS6                00012000   00001000  00000000  00001000  RWIX
  RAMGS7                00013000   00001000  00000000  00001000  RWIX
  RAMGS8                00014000   00001000  00000000  00001000  RWIX
  RAMGS9                00015000   00001000  00000000  00001000  RWIX
  RAMGS10               00016000   00001000  00000000  00001000  RWIX
  RAMGS11               00017000   00001000  00000000  00001000  RWIX
  RAMGS12               00018000   00001000  00000000  00001000  RWIX
  RAMGS13               00019000   00001000  00000000  00001000  RWIX
  RAMGS14               0001a000   00001000  00000000  00001000  RWIX
  RAMGS15               0001b000   00000ff8  00000000  00000ff8  RWIX
  CPU2TOCPU1RAM         0003f800   00000400  00000000  00000400  RWIX
  CPU1TOCPU2RAM         0003fc00   00000400  00000000  00000400  RWIX
  CANA_MSG_RAM          00049000   00000800  00000000  00000800  RWIX
  CANB_MSG_RAM          0004b000   00000800  00000000  00000800  RWIX


SECTION ALLOCATION MAP

 output                                  attributes/
section   page    origin      length       input sections
--------  ----  ----------  ----------   ----------------
codestart 
*          0    00000000    00000002     
                  00000000    00000002     F2837xD_CodeStartBranch.obj (codestart)

.cinit     0    00000128    0000001c     
                  00000128    00000009     (.cinit..data.load) [load image, compression = lzss]
                  00000131    00000001     --HOLE-- [fill = 0]
                  00000132    00000006     (__TI_handler_table)
                  00000138    00000004     (.cinit..bss.load) [load image, compression = zero_init]
                  0000013c    00000008     (__TI_cinit_table)

.reset     0    003fffc0    00000000     DSECT

.stack     1    00000400    00000100     UNINITIALIZED
                  00000400    00000100     --HOLE--

.bss       1    0000aa92    000001ba     UNINITIALIZED
                  0000aa92    00000100     thd_bluetooth_link.obj (.bss:rx_ring)
                  0000ab92    0000008f     thd_bluetooth_link.obj (.bss:rx_frame)
                  0000ac21    00000020     thd_bluetooth_link.obj (.bss:thd_bluetooth_rx_capture)
                  0000ac41    00000001     --HOLE--
                  0000ac42    0000000a     thd_bluetooth_link.obj (.bss)

.init_array 
*          0    00000123    00000000     UNINITIALIZED

.const     1    0000a800    00000291     
                  0000a800    000000c2     driverlib_eabi.lib : sysctl.obj (.const:.string)
                  0000a8c2    000000bc                        : gpio.obj (.const:.string)
                  0000a97e    000000bb                        : sci.obj (.const:.string)
                  0000aa39    00000001     --HOLE-- [fill = 0]
                  0000aa3a    00000044     thd_bluetooth_link.obj (.const:.string)
                  0000aa7e    00000013     device.obj (.const:.string)

.data      1    0000ac4c    00000010     UNINITIALIZED
                  0000ac4c    00000006     device.obj (.data)
                  0000ac52    00000006     rts2800_fpu32_eabi.lib : exit.c.obj (.data)
                  0000ac58    00000002                            : _lock.c.obj (.data:_lock)
                  0000ac5a    00000002                            : _lock.c.obj (.data:_unlock)

.TI.ramfunc 
*          0    00000123    00000004     
                  00000123    00000004     driverlib_eabi.lib : sysctl.obj (.TI.ramfunc)

GETBUFFER 
*          0    0003f800    00000000     DSECT

GETWRITEIDX 
*          0    0003f800    00000000     DSECT

PUTREADIDX 
*          0    0003f800    00000000     DSECT

.text.1    0    00008000    00000800     
                  00008000    00000209     driverlib_eabi.lib : sysctl.obj (.text:SysCtl_setClock)
                  00008209    00000090                        : sysctl.obj (.text:SysCtl_selectXTAL)
                  00008299    00000088     rts2800_fpu32_eabi.lib : fs_div28.asm.obj (.text)
                  00008321    00000077     thd_bluetooth_link.obj (.text:retain)
                  00008398    00000068     driverlib_eabi.lib : sysctl.obj (.text:SysCtl_getDeviceParametric)
                  00008400    00000052                        : gpio.obj (.text:GPIO_setPadConfig)
                  00008452    00000051                        : sysctl.obj (.text:SysCtl_getClock)
                  000084a3    00000048                        : sysctl.obj (.text:SysCtl_selectOscSource)
                  000084eb    00000045                        : sci.obj (.text:SCI_clearInterruptStatus)
                  00008530    00000044                        : sci.obj (.text:SCI_enableInterrupt)
                  00008574    0000003d                        : interrupt.obj (.text:Interrupt_initModule)
                  000085b1    00000037                        : gpio.obj (.text:GPIO_setControllerCore)
                  000085e8    00000037                        : gpio.obj (.text:GPIO_setPinConfig)
                  0000861f    00000037                        : gpio.obj (.text:GPIO_setQualificationMode)
                  00008656    00000037                        : interrupt.obj (.text:Interrupt_enable)
                  0000868d    00000031                        : gpio.obj (.text:GPIO_setDirectionMode)
                  000086be    0000002e     rts2800_fpu32_eabi.lib : copy_decompress_lzss.c.obj (.text:decompress:lzss)
                  000086ec    0000002b                            : autoinit.c.obj (.text:__TI_auto_init_nobinit_nopinit)
                  00008717    00000029                            : exit.c.obj (.text)
                  00008740    00000028     driverlib_eabi.lib : sysctl.obj (.text:CPUTimer_selectClockSource)
                  00008768    00000020     rts2800_fpu32_eabi.lib : memcpy.c.obj (.text)
                  00008788    0000001f     driverlib_eabi.lib : sysctl.obj (.text:CPUTimer_getTimerOverflowStatus)
                  000087a7    0000001e                        : interrupt.obj (.text:Interrupt_initVectorTable)
                  000087c5    0000001b                        : sci.obj (.text:SCI_isBaseValid)
                  000087e0    0000001a                        : sysctl.obj (.text:CPUTimer_startTimer)
                  000087fa    00000006     board.obj (.text)

.text.2    0    00008800    000001a0     
                  00008800    0000001a     driverlib_eabi.lib : sysctl.obj (.text:SysCtl_getLowSpeedClock)
                  0000881a    00000018                        : sci.obj (.text:SCI_disableModule)
                  00008832    00000018                        : sci.obj (.text:SCI_performSoftwareReset)
                  0000884a    00000017                        : sysctl.obj (.text:CPUTimer_isBaseValid)
                  00008861    00000017     rts2800_fpu32_eabi.lib : boot28.asm.obj (.text)
                  00008878    00000016     driverlib_eabi.lib : interrupt.obj (.text:Interrupt_defaultHandler)
                  0000888e    00000014                        : sysctl.obj (.text:CPUTimer_stopTimer)
                  000088a2    00000014     empty_driverlib_main.obj (.text)
                  000088b6    00000013     driverlib_eabi.lib : sci.obj (.text:SCI_enableModule)
                  000088c9    00000012                        : sysctl.obj (.text:CPUTimer_clearOverflowFlag)
                  000088db    00000012                        : sysctl.obj (.text:CPUTimer_disableInterrupt)
                  000088ed    00000012     rts2800_fpu32_eabi.lib : args_main.c.obj (.text)
                  000088ff    00000011     driverlib_eabi.lib : sysctl.obj (.text:CPUTimer_setPeriod)
                  00008910    0000000f                        : sysctl.obj (.text:SysCtl_pollCpuTimer)
                  0000891f    0000000e                        : gpio.obj (.text:GPIO_isPinValid)
                  0000892d    0000000d                        : interrupt.obj (.text:Interrupt_disableGlobal)
                  0000893a    0000000d                        : interrupt.obj (.text:Interrupt_enableGlobal)
                  00008947    0000000d     rts2800_fpu32_eabi.lib : copy_zero_init.c.obj (.text:decompress:ZI:__TI_zero_init_nomemset)
                  00008954    0000000b     driverlib_eabi.lib : sysctl.obj (.text:SysCtl_isMCDClockFailureDetected)
                  0000895f    0000000a                        : interrupt.obj (.text:Interrupt_illegalOperationHandler)
                  00008969    0000000a                        : interrupt.obj (.text:Interrupt_nmiHandler)
                  00008973    00000009                        : sysctl.obj (.text:SysCtl_serviceWatchdog)
                  0000897c    00000009     rts2800_fpu32_eabi.lib : _lock.c.obj (.text)
                  00008985    00000008     F2837xD_CodeStartBranch.obj (.text)
                  0000898d    00000008     rts2800_fpu32_eabi.lib : copy_decompress_none.c.obj (.text:decompress:none)
                  00008995    00000007     driverlib_eabi.lib : sysctl.obj (.text:SysCtl_resetMCD)
                  0000899c    00000002     rts2800_fpu32_eabi.lib : pre_init.c.obj (.text)
                  0000899e    00000001     c2000ware_libraries.obj (.text)
                  0000899f    00000001     rts2800_fpu32_eabi.lib : startup.c.obj (.text)

.text.3    0    0000b000    00000800     
                  0000b000    000003ff     device.obj (.text)
                  0000b3ff    000003c3     thd_bluetooth_link.obj (.text)
                  0000b7c2    0000003e     driverlib_eabi.lib : sci.obj (.text:SCI_setConfig)

MODULE SUMMARY

       Module                        code   ro data   rw data
       ------                        ----   -------   -------
    .\
       thd_bluetooth_link.obj        1082   68        441    
       empty_driverlib_main.obj      20     0         0      
    +--+-----------------------------+------+---------+---------+
       Total:                        1102   68        441    
                                                             
    .\device\
       device.obj                    1023   19        6      
       F2837xD_CodeStartBranch.obj   10     0         0      
    +--+-----------------------------+------+---------+---------+
       Total:                        1033   19        6      
                                                             
    .\syscfg\
       board.obj                     6      0         0      
       c2000ware_libraries.obj       1      0         0      
    +--+-----------------------------+------+---------+---------+
       Total:                        7      0         0      
                                                             
    C:\ti\c2000\C2000Ware_26_01_00_00\driverlib\f2837xd\driverlib\ccs\Debug\driverlib_eabi.lib
       sysctl.obj                    1187   194       0      
       gpio.obj                      310    188       0      
       sci.obj                       293    187       0      
       interrupt.obj                 214    0         0      
    +--+-----------------------------+------+---------+---------+
       Total:                        2004   569       0      
                                                             
    D:\CCS\ccs\tools\compiler\ti-cgt-c2000_25.11.1.LTS\lib\rts2800_fpu32_eabi.lib
       fs_div28.asm.obj              136    0         0      
       exit.c.obj                    41     0         6      
       copy_decompress_lzss.c.obj    46     0         0      
       autoinit.c.obj                43     0         0      
       memcpy.c.obj                  32     0         0      
       boot28.asm.obj                23     0         0      
       args_main.c.obj               18     0         0      
       _lock.c.obj                   9      0         4      
       copy_zero_init.c.obj          13     0         0      
       copy_decompress_none.c.obj    8      0         0      
       pre_init.c.obj                2      0         0      
       startup.c.obj                 1      0         0      
    +--+-----------------------------+------+---------+---------+
       Total:                        372    0         10     
                                                             
       Stack:                        0      0         256    
       Linker Generated:             0      27        0      
    +--+-----------------------------+------+---------+---------+
       Grand Total:                  4518   683       713    


LINKER GENERATED COPY TABLES

__TI_cinit_table @ 0000013c records: 2, size/record: 4, table size: 8
	.data: load addr=00000128, load size=00000009 bytes, run addr=0000ac4c, run size=00000010 bytes, compression=lzss
	.bss: load addr=00000138, load size=00000004 bytes, run addr=0000aa92, run size=000001ba bytes, compression=zero_init


LINKER GENERATED HANDLER TABLE

__TI_handler_table @ 00000132 records: 3, size/record: 2, table size: 6
	index: 0, handler: __TI_zero_init
	index: 1, handler: __TI_decompress_lzss
	index: 2, handler: __TI_decompress_none


GLOBAL DATA SYMBOLS: SORTED BY DATA PAGE

address     data page           name
--------    ----------------    ----
00000400      10 (00000400)     __stack

0000ac21     2b0 (0000ac00)     thd_bluetooth_rx_capture

0000ac47     2b1 (0000ac40)     thd_bluetooth_rx_capture_count
0000ac48     2b1 (0000ac40)     thd_bluetooth_rx_byte_count
0000ac4a     2b1 (0000ac40)     thd_bluetooth_rx_overflow_count
0000ac4c     2b1 (0000ac40)     Example_Result
0000ac4e     2b1 (0000ac40)     Example_PassCount
0000ac50     2b1 (0000ac40)     Example_Fail
0000ac52     2b1 (0000ac40)     __TI_enable_exit_profile_output
0000ac54     2b1 (0000ac40)     __TI_cleanup_ptr
0000ac56     2b1 (0000ac40)     __TI_dtors_ptr
0000ac58     2b1 (0000ac40)     _lock
0000ac5a     2b1 (0000ac40)     _unlock


GLOBAL SYMBOLS: SORTED ALPHABETICALLY BY Name 

page  address   name                                     
----  -------   ----                                     
0     000087fa  Board_init                               
0     00008717  C$$EXIT                                  
0     0000899e  C2000Ware_libraries_init                 
0     0000b273  Device_bootCPU2                          
0     0000b242  Device_configureTMXAnalogTrim            
0     0000b0f0  Device_enableAllPeripherals              
0     0000b22c  Device_enableUnbondedGPIOPullups         
0     0000b20f  Device_enableUnbondedGPIOPullupsFor100Pin
0     0000b1fc  Device_enableUnbondedGPIOPullupsFor176Pin
0     0000b0ae  Device_init                              
0     0000b1db  Device_initGPIO                          
1     0000ac50  Example_Fail                             
1     0000ac4e  Example_PassCount                        
1     0000ac4c  Example_Result                           
0     0000b3fe  Example_done                             
0     0000b3f9  Example_setResultFail                    
0     0000b3f4  Example_setResultPass                    
0     000085b1  GPIO_setControllerCore                   
0     0000868d  GPIO_setDirectionMode                    
0     00008400  GPIO_setPadConfig                        
0     000085e8  GPIO_setPinConfig                        
0     0000861f  GPIO_setQualificationMode                
0     00008878  Interrupt_defaultHandler                 
0     00008656  Interrupt_enable                         
0     0000895f  Interrupt_illegalOperationHandler        
0     00008574  Interrupt_initModule                     
0     000087a7  Interrupt_initVectorTable                
0     00008969  Interrupt_nmiHandler                     
0     000087ff  PinMux_init                              
0     000084eb  SCI_clearInterruptStatus                 
0     00008530  SCI_enableInterrupt                      
0     0000b7c2  SCI_setConfig                            
0     00000123  SysCtl_delay                             
0     00008452  SysCtl_getClock                          
0     00008398  SysCtl_getDeviceParametric               
0     00008800  SysCtl_getLowSpeedClock                  
0     000084a3  SysCtl_selectOscSource                   
0     00008209  SysCtl_selectXTAL                        
0     00008000  SysCtl_setClock                          
0     0000b719  ThdBluetoothLink_init                    
0     0000b7be  ThdBluetoothLink_isVerified              
0     0000b7a5  ThdBluetoothLink_task                    
0     0000013c  __TI_CINIT_Base                          
0     00000144  __TI_CINIT_Limit                         
0     00000144  __TI_CINIT_Warm                          
0     00000132  __TI_Handler_Table_Base                  
0     00000138  __TI_Handler_Table_Limit                 
1     00000500  __TI_STACK_END                           
abs   00000100  __TI_STACK_SIZE                          
0     000086ec  __TI_auto_init_nobinit_nopinit           
1     0000ac54  __TI_cleanup_ptr                         
0     000086be  __TI_decompress_lzss                     
0     0000898d  __TI_decompress_none                     
1     0000ac56  __TI_dtors_ptr                           
1     0000ac52  __TI_enable_exit_profile_output          
abs   ffffffff  __TI_pprof_out_hndl                      
abs   ffffffff  __TI_prof_data_size                      
abs   ffffffff  __TI_prof_data_start                     
0     00008947  __TI_zero_init_nomemset                  
0     00008299  __c28xabi_divf                           
abs   ffffffff  __c_args__                               
0     0000b3ed  __error__                                
1     00000400  __stack                                  
0     000088ed  _args_main                               
0     00008861  _c_int00                                 
1     0000ac58  _lock                                    
0     00008984  _nop                                     
0     00008980  _register_lock                           
0     0000897c  _register_unlock                         
0     0000899f  _system_post_cinit                       
0     0000899c  _system_pre_init                         
1     0000ac5a  _unlock                                  
0     00008717  abort                                    
0     00000000  code_start                               
0     00008719  exit                                     
0     000088a2  main                                     
0     00008768  memcpy                                   
1     0000ac48  thd_bluetooth_rx_byte_count              
1     0000ac21  thd_bluetooth_rx_capture                 
1     0000ac47  thd_bluetooth_rx_capture_count           
1     0000ac4a  thd_bluetooth_rx_overflow_count          


GLOBAL SYMBOLS: SORTED BY Symbol Address 

page  address   name                                     
----  -------   ----                                     
0     00000000  code_start                               
0     00000123  SysCtl_delay                             
0     00000132  __TI_Handler_Table_Base                  
0     00000138  __TI_Handler_Table_Limit                 
0     0000013c  __TI_CINIT_Base                          
0     00000144  __TI_CINIT_Limit                         
0     00000144  __TI_CINIT_Warm                          
0     00008000  SysCtl_setClock                          
0     00008209  SysCtl_selectXTAL                        
0     00008299  __c28xabi_divf                           
0     00008398  SysCtl_getDeviceParametric               
0     00008400  GPIO_setPadConfig                        
0     00008452  SysCtl_getClock                          
0     000084a3  SysCtl_selectOscSource                   
0     000084eb  SCI_clearInterruptStatus                 
0     00008530  SCI_enableInterrupt                      
0     00008574  Interrupt_initModule                     
0     000085b1  GPIO_setControllerCore                   
0     000085e8  GPIO_setPinConfig                        
0     0000861f  GPIO_setQualificationMode                
0     00008656  Interrupt_enable                         
0     0000868d  GPIO_setDirectionMode                    
0     000086be  __TI_decompress_lzss                     
0     000086ec  __TI_auto_init_nobinit_nopinit           
0     00008717  C$$EXIT                                  
0     00008717  abort                                    
0     00008719  exit                                     
0     00008768  memcpy                                   
0     000087a7  Interrupt_initVectorTable                
0     000087fa  Board_init                               
0     000087ff  PinMux_init                              
0     00008800  SysCtl_getLowSpeedClock                  
0     00008861  _c_int00                                 
0     00008878  Interrupt_defaultHandler                 
0     000088a2  main                                     
0     000088ed  _args_main                               
0     00008947  __TI_zero_init_nomemset                  
0     0000895f  Interrupt_illegalOperationHandler        
0     00008969  Interrupt_nmiHandler                     
0     0000897c  _register_unlock                         
0     00008980  _register_lock                           
0     00008984  _nop                                     
0     0000898d  __TI_decompress_none                     
0     0000899c  _system_pre_init                         
0     0000899e  C2000Ware_libraries_init                 
0     0000899f  _system_post_cinit                       
0     0000b0ae  Device_init                              
0     0000b0f0  Device_enableAllPeripherals              
0     0000b1db  Device_initGPIO                          
0     0000b1fc  Device_enableUnbondedGPIOPullupsFor176Pin
0     0000b20f  Device_enableUnbondedGPIOPullupsFor100Pin
0     0000b22c  Device_enableUnbondedGPIOPullups         
0     0000b242  Device_configureTMXAnalogTrim            
0     0000b273  Device_bootCPU2                          
0     0000b3ed  __error__                                
0     0000b3f4  Example_setResultPass                    
0     0000b3f9  Example_setResultFail                    
0     0000b3fe  Example_done                             
0     0000b719  ThdBluetoothLink_init                    
0     0000b7a5  ThdBluetoothLink_task                    
0     0000b7be  ThdBluetoothLink_isVerified              
0     0000b7c2  SCI_setConfig                            
1     00000400  __stack                                  
1     00000500  __TI_STACK_END                           
1     0000ac21  thd_bluetooth_rx_capture                 
1     0000ac47  thd_bluetooth_rx_capture_count           
1     0000ac48  thd_bluetooth_rx_byte_count              
1     0000ac4a  thd_bluetooth_rx_overflow_count          
1     0000ac4c  Example_Result                           
1     0000ac4e  Example_PassCount                        
1     0000ac50  Example_Fail                             
1     0000ac52  __TI_enable_exit_profile_output          
1     0000ac54  __TI_cleanup_ptr                         
1     0000ac56  __TI_dtors_ptr                           
1     0000ac58  _lock                                    
1     0000ac5a  _unlock                                  
abs   00000100  __TI_STACK_SIZE                          
abs   ffffffff  __TI_pprof_out_hndl                      
abs   ffffffff  __TI_prof_data_size                      
abs   ffffffff  __TI_prof_data_start                     
abs   ffffffff  __c_args__                               

[81 symbols]
